###############################################################################
#
# IAR ELF Linker V8.11.1.13263/W32 for ARM                13/May/2017  15:40:35
# Copyright 2007-2017 IAR Systems AB.
#
#    Output file  =  
#        C:\Users\hp\OneDrive\demo\stm32f4_dis\demo_NULEO144INTHERNET\EWARM\demo_NULEO144INTHERNET\Exe\demo_NULEO144INTHERNET.out
#    Map file     =  
#        C:\Users\hp\OneDrive\demo\stm32f4_dis\demo_NULEO144INTHERNET\EWARM\demo_NULEO144INTHERNET\List\demo_NULEO144INTHERNET.map
#    Command line =  
#        -f C:\Users\hp\AppData\Local\Temp\EW797C.tmp
#        (C:\Users\hp\OneDrive\demo\stm32f4_dis\demo_NULEO144INTHERNET\EWARM\demo_NULEO144INTHERNET\Obj\api_lib.o
#        C:\Users\hp\OneDrive\demo\stm32f4_dis\demo_NULEO144INTHERNET\EWARM\demo_NULEO144INTHERNET\Obj\api_msg.o
#        C:\Users\hp\OneDrive\demo\stm32f4_dis\demo_NULEO144INTHERNET\EWARM\demo_NULEO144INTHERNET\Obj\arc4.o
#        C:\Users\hp\OneDrive\demo\stm32f4_dis\demo_NULEO144INTHERNET\EWARM\demo_NULEO144INTHERNET\Obj\auth.o
#        C:\Users\hp\OneDrive\demo\stm32f4_dis\demo_NULEO144INTHERNET\EWARM\demo_NULEO144INTHERNET\Obj\autoip.o
#        C:\Users\hp\OneDrive\demo\stm32f4_dis\demo_NULEO144INTHERNET\EWARM\demo_NULEO144INTHERNET\Obj\ccp.o
#        C:\Users\hp\OneDrive\demo\stm32f4_dis\demo_NULEO144INTHERNET\EWARM\demo_NULEO144INTHERNET\Obj\chap-md5.o
#        C:\Users\hp\OneDrive\demo\stm32f4_dis\demo_NULEO144INTHERNET\EWARM\demo_NULEO144INTHERNET\Obj\chap-new.o
#        C:\Users\hp\OneDrive\demo\stm32f4_dis\demo_NULEO144INTHERNET\EWARM\demo_NULEO144INTHERNET\Obj\chap_ms.o
#        C:\Users\hp\OneDrive\demo\stm32f4_dis\demo_NULEO144INTHERNET\EWARM\demo_NULEO144INTHERNET\Obj\cmsis_os.o
#        C:\Users\hp\OneDrive\demo\stm32f4_dis\demo_NULEO144INTHERNET\EWARM\demo_NULEO144INTHERNET\Obj\croutine.o
#        C:\Users\hp\OneDrive\demo\stm32f4_dis\demo_NULEO144INTHERNET\EWARM\demo_NULEO144INTHERNET\Obj\def.o
#        C:\Users\hp\OneDrive\demo\stm32f4_dis\demo_NULEO144INTHERNET\EWARM\demo_NULEO144INTHERNET\Obj\demand.o
#        C:\Users\hp\OneDrive\demo\stm32f4_dis\demo_NULEO144INTHERNET\EWARM\demo_NULEO144INTHERNET\Obj\des.o
#        C:\Users\hp\OneDrive\demo\stm32f4_dis\demo_NULEO144INTHERNET\EWARM\demo_NULEO144INTHERNET\Obj\dhcp.o
#        C:\Users\hp\OneDrive\demo\stm32f4_dis\demo_NULEO144INTHERNET\EWARM\demo_NULEO144INTHERNET\Obj\dhcp6.o
#        C:\Users\hp\OneDrive\demo\stm32f4_dis\demo_NULEO144INTHERNET\EWARM\demo_NULEO144INTHERNET\Obj\dns.o
#        C:\Users\hp\OneDrive\demo\stm32f4_dis\demo_NULEO144INTHERNET\EWARM\demo_NULEO144INTHERNET\Obj\eap.o
#        C:\Users\hp\OneDrive\demo\stm32f4_dis\demo_NULEO144INTHERNET\EWARM\demo_NULEO144INTHERNET\Obj\ecp.o
#        C:\Users\hp\OneDrive\demo\stm32f4_dis\demo_NULEO144INTHERNET\EWARM\demo_NULEO144INTHERNET\Obj\err.o
#        C:\Users\hp\OneDrive\demo\stm32f4_dis\demo_NULEO144INTHERNET\EWARM\demo_NULEO144INTHERNET\Obj\etharp.o
#        C:\Users\hp\OneDrive\demo\stm32f4_dis\demo_NULEO144INTHERNET\EWARM\demo_NULEO144INTHERNET\Obj\ethernet.o
#        C:\Users\hp\OneDrive\demo\stm32f4_dis\demo_NULEO144INTHERNET\EWARM\demo_NULEO144INTHERNET\Obj\ethernetif.o
#        C:\Users\hp\OneDrive\demo\stm32f4_dis\demo_NULEO144INTHERNET\EWARM\demo_NULEO144INTHERNET\Obj\ethip6.o
#        C:\Users\hp\OneDrive\demo\stm32f4_dis\demo_NULEO144INTHERNET\EWARM\demo_NULEO144INTHERNET\Obj\eui64.o
#        C:\Users\hp\OneDrive\demo\stm32f4_dis\demo_NULEO144INTHERNET\EWARM\demo_NULEO144INTHERNET\Obj\event_groups.o
#        C:\Users\hp\OneDrive\demo\stm32f4_dis\demo_NULEO144INTHERNET\EWARM\demo_NULEO144INTHERNET\Obj\freertos.o
#        C:\Users\hp\OneDrive\demo\stm32f4_dis\demo_NULEO144INTHERNET\EWARM\demo_NULEO144INTHERNET\Obj\fs.o
#        C:\Users\hp\OneDrive\demo\stm32f4_dis\demo_NULEO144INTHERNET\EWARM\demo_NULEO144INTHERNET\Obj\fsm.o
#        C:\Users\hp\OneDrive\demo\stm32f4_dis\demo_NULEO144INTHERNET\EWARM\demo_NULEO144INTHERNET\Obj\heap_4.o
#        C:\Users\hp\OneDrive\demo\stm32f4_dis\demo_NULEO144INTHERNET\EWARM\demo_NULEO144INTHERNET\Obj\httpd.o
#        C:\Users\hp\OneDrive\demo\stm32f4_dis\demo_NULEO144INTHERNET\EWARM\demo_NULEO144INTHERNET\Obj\icmp.o
#        C:\Users\hp\OneDrive\demo\stm32f4_dis\demo_NULEO144INTHERNET\EWARM\demo_NULEO144INTHERNET\Obj\icmp6.o
#        C:\Users\hp\OneDrive\demo\stm32f4_dis\demo_NULEO144INTHERNET\EWARM\demo_NULEO144INTHERNET\Obj\igmp.o
#        C:\Users\hp\OneDrive\demo\stm32f4_dis\demo_NULEO144INTHERNET\EWARM\demo_NULEO144INTHERNET\Obj\inet6.o
#        C:\Users\hp\OneDrive\demo\stm32f4_dis\demo_NULEO144INTHERNET\EWARM\demo_NULEO144INTHERNET\Obj\inet_chksum.o
#        C:\Users\hp\OneDrive\demo\stm32f4_dis\demo_NULEO144INTHERNET\EWARM\demo_NULEO144INTHERNET\Obj\init.o
#        C:\Users\hp\OneDrive\demo\stm32f4_dis\demo_NULEO144INTHERNET\EWARM\demo_NULEO144INTHERNET\Obj\ip.o
#        C:\Users\hp\OneDrive\demo\stm32f4_dis\demo_NULEO144INTHERNET\EWARM\demo_NULEO144INTHERNET\Obj\ip4.o
#        C:\Users\hp\OneDrive\demo\stm32f4_dis\demo_NULEO144INTHERNET\EWARM\demo_NULEO144INTHERNET\Obj\ip4_addr.o
#        C:\Users\hp\OneDrive\demo\stm32f4_dis\demo_NULEO144INTHERNET\EWARM\demo_NULEO144INTHERNET\Obj\ip4_frag.o
#        C:\Users\hp\OneDrive\demo\stm32f4_dis\demo_NULEO144INTHERNET\EWARM\demo_NULEO144INTHERNET\Obj\ip6.o
#        C:\Users\hp\OneDrive\demo\stm32f4_dis\demo_NULEO144INTHERNET\EWARM\demo_NULEO144INTHERNET\Obj\ip6_addr.o
#        C:\Users\hp\OneDrive\demo\stm32f4_dis\demo_NULEO144INTHERNET\EWARM\demo_NULEO144INTHERNET\Obj\ip6_frag.o
#        C:\Users\hp\OneDrive\demo\stm32f4_dis\demo_NULEO144INTHERNET\EWARM\demo_NULEO144INTHERNET\Obj\ipcp.o
#        C:\Users\hp\OneDrive\demo\stm32f4_dis\demo_NULEO144INTHERNET\EWARM\demo_NULEO144INTHERNET\Obj\ipv6cp.o
#        C:\Users\hp\OneDrive\demo\stm32f4_dis\demo_NULEO144INTHERNET\EWARM\demo_NULEO144INTHERNET\Obj\lcp.o
#        C:\Users\hp\OneDrive\demo\stm32f4_dis\demo_NULEO144INTHERNET\EWARM\demo_NULEO144INTHERNET\Obj\list.o
#        C:\Users\hp\OneDrive\demo\stm32f4_dis\demo_NULEO144INTHERNET\EWARM\demo_NULEO144INTHERNET\Obj\lowpan6.o
#        C:\Users\hp\OneDrive\demo\stm32f4_dis\demo_NULEO144INTHERNET\EWARM\demo_NULEO144INTHERNET\Obj\lwip.o
#        C:\Users\hp\OneDrive\demo\stm32f4_dis\demo_NULEO144INTHERNET\EWARM\demo_NULEO144INTHERNET\Obj\magic.o
#        C:\Users\hp\OneDrive\demo\stm32f4_dis\demo_NULEO144INTHERNET\EWARM\demo_NULEO144INTHERNET\Obj\main.o
#        C:\Users\hp\OneDrive\demo\stm32f4_dis\demo_NULEO144INTHERNET\EWARM\demo_NULEO144INTHERNET\Obj\md4.o
#        C:\Users\hp\OneDrive\demo\stm32f4_dis\demo_NULEO144INTHERNET\EWARM\demo_NULEO144INTHERNET\Obj\md5.o
#        C:\Users\hp\OneDrive\demo\stm32f4_dis\demo_NULEO144INTHERNET\EWARM\demo_NULEO144INTHERNET\Obj\mem.o
#        C:\Users\hp\OneDrive\demo\stm32f4_dis\demo_NULEO144INTHERNET\EWARM\demo_NULEO144INTHERNET\Obj\memp.o
#        C:\Users\hp\OneDrive\demo\stm32f4_dis\demo_NULEO144INTHERNET\EWARM\demo_NULEO144INTHERNET\Obj\mld6.o
#        C:\Users\hp\OneDrive\demo\stm32f4_dis\demo_NULEO144INTHERNET\EWARM\demo_NULEO144INTHERNET\Obj\mppe.o
#        C:\Users\hp\OneDrive\demo\stm32f4_dis\demo_NULEO144INTHERNET\EWARM\demo_NULEO144INTHERNET\Obj\multilink.o
#        C:\Users\hp\OneDrive\demo\stm32f4_dis\demo_NULEO144INTHERNET\EWARM\demo_NULEO144INTHERNET\Obj\nd6.o
#        C:\Users\hp\OneDrive\demo\stm32f4_dis\demo_NULEO144INTHERNET\EWARM\demo_NULEO144INTHERNET\Obj\netbuf.o
#        C:\Users\hp\OneDrive\demo\stm32f4_dis\demo_NULEO144INTHERNET\EWARM\demo_NULEO144INTHERNET\Obj\netdb.o
#        C:\Users\hp\OneDrive\demo\stm32f4_dis\demo_NULEO144INTHERNET\EWARM\demo_NULEO144INTHERNET\Obj\netif.o
#        C:\Users\hp\OneDrive\demo\stm32f4_dis\demo_NULEO144INTHERNET\EWARM\demo_NULEO144INTHERNET\Obj\netifapi.o
#        C:\Users\hp\OneDrive\demo\stm32f4_dis\demo_NULEO144INTHERNET\EWARM\demo_NULEO144INTHERNET\Obj\pbuf.o
#        C:\Users\hp\OneDrive\demo\stm32f4_dis\demo_NULEO144INTHERNET\EWARM\demo_NULEO144INTHERNET\Obj\port.o
#        C:\Users\hp\OneDrive\demo\stm32f4_dis\demo_NULEO144INTHERNET\EWARM\demo_NULEO144INTHERNET\Obj\portasm.o
#        C:\Users\hp\OneDrive\demo\stm32f4_dis\demo_NULEO144INTHERNET\EWARM\demo_NULEO144INTHERNET\Obj\ppp.o
#        C:\Users\hp\OneDrive\demo\stm32f4_dis\demo_NULEO144INTHERNET\EWARM\demo_NULEO144INTHERNET\Obj\pppapi.o
#        C:\Users\hp\OneDrive\demo\stm32f4_dis\demo_NULEO144INTHERNET\EWARM\demo_NULEO144INTHERNET\Obj\pppcrypt.o
#        C:\Users\hp\OneDrive\demo\stm32f4_dis\demo_NULEO144INTHERNET\EWARM\demo_NULEO144INTHERNET\Obj\pppoe.o
#        C:\Users\hp\OneDrive\demo\stm32f4_dis\demo_NULEO144INTHERNET\EWARM\demo_NULEO144INTHERNET\Obj\pppol2tp.o
#        C:\Users\hp\OneDrive\demo\stm32f4_dis\demo_NULEO144INTHERNET\EWARM\demo_NULEO144INTHERNET\Obj\pppos.o
#        C:\Users\hp\OneDrive\demo\stm32f4_dis\demo_NULEO144INTHERNET\EWARM\demo_NULEO144INTHERNET\Obj\queue.o
#        C:\Users\hp\OneDrive\demo\stm32f4_dis\demo_NULEO144INTHERNET\EWARM\demo_NULEO144INTHERNET\Obj\raw.o
#        C:\Users\hp\OneDrive\demo\stm32f4_dis\demo_NULEO144INTHERNET\EWARM\demo_NULEO144INTHERNET\Obj\sha1.o
#        C:\Users\hp\OneDrive\demo\stm32f4_dis\demo_NULEO144INTHERNET\EWARM\demo_NULEO144INTHERNET\Obj\slipif.o
#        C:\Users\hp\OneDrive\demo\stm32f4_dis\demo_NULEO144INTHERNET\EWARM\demo_NULEO144INTHERNET\Obj\snmp_asn1.o
#        C:\Users\hp\OneDrive\demo\stm32f4_dis\demo_NULEO144INTHERNET\EWARM\demo_NULEO144INTHERNET\Obj\snmp_core.o
#        C:\Users\hp\OneDrive\demo\stm32f4_dis\demo_NULEO144INTHERNET\EWARM\demo_NULEO144INTHERNET\Obj\snmp_mib2.o
#        C:\Users\hp\OneDrive\demo\stm32f4_dis\demo_NULEO144INTHERNET\EWARM\demo_NULEO144INTHERNET\Obj\snmp_mib2_icmp.o
#        C:\Users\hp\OneDrive\demo\stm32f4_dis\demo_NULEO144INTHERNET\EWARM\demo_NULEO144INTHERNET\Obj\snmp_mib2_interfaces.o
#        C:\Users\hp\OneDrive\demo\stm32f4_dis\demo_NULEO144INTHERNET\EWARM\demo_NULEO144INTHERNET\Obj\snmp_mib2_ip.o
#        C:\Users\hp\OneDrive\demo\stm32f4_dis\demo_NULEO144INTHERNET\EWARM\demo_NULEO144INTHERNET\Obj\snmp_mib2_snmp.o
#        C:\Users\hp\OneDrive\demo\stm32f4_dis\demo_NULEO144INTHERNET\EWARM\demo_NULEO144INTHERNET\Obj\snmp_mib2_system.o
#        C:\Users\hp\OneDrive\demo\stm32f4_dis\demo_NULEO144INTHERNET\EWARM\demo_NULEO144INTHERNET\Obj\snmp_mib2_tcp.o
#        C:\Users\hp\OneDrive\demo\stm32f4_dis\demo_NULEO144INTHERNET\EWARM\demo_NULEO144INTHERNET\Obj\snmp_mib2_udp.o
#        C:\Users\hp\OneDrive\demo\stm32f4_dis\demo_NULEO144INTHERNET\EWARM\demo_NULEO144INTHERNET\Obj\snmp_msg.o
#        C:\Users\hp\OneDrive\demo\stm32f4_dis\demo_NULEO144INTHERNET\EWARM\demo_NULEO144INTHERNET\Obj\snmp_netconn.o
#        C:\Users\hp\OneDrive\demo\stm32f4_dis\demo_NULEO144INTHERNET\EWARM\demo_NULEO144INTHERNET\Obj\snmp_pbuf_stream.o
#        C:\Users\hp\OneDrive\demo\stm32f4_dis\demo_NULEO144INTHERNET\EWARM\demo_NULEO144INTHERNET\Obj\snmp_raw.o
#        C:\Users\hp\OneDrive\demo\stm32f4_dis\demo_NULEO144INTHERNET\EWARM\demo_NULEO144INTHERNET\Obj\snmp_scalar.o
#        C:\Users\hp\OneDrive\demo\stm32f4_dis\demo_NULEO144INTHERNET\EWARM\demo_NULEO144INTHERNET\Obj\snmp_table.o
#        C:\Users\hp\OneDrive\demo\stm32f4_dis\demo_NULEO144INTHERNET\EWARM\demo_NULEO144INTHERNET\Obj\snmp_threadsync.o
#        C:\Users\hp\OneDrive\demo\stm32f4_dis\demo_NULEO144INTHERNET\EWARM\demo_NULEO144INTHERNET\Obj\snmp_traps.o
#        C:\Users\hp\OneDrive\demo\stm32f4_dis\demo_NULEO144INTHERNET\EWARM\demo_NULEO144INTHERNET\Obj\snmpv3.o
#        C:\Users\hp\OneDrive\demo\stm32f4_dis\demo_NULEO144INTHERNET\EWARM\demo_NULEO144INTHERNET\Obj\snmpv3_dummy.o
#        C:\Users\hp\OneDrive\demo\stm32f4_dis\demo_NULEO144INTHERNET\EWARM\demo_NULEO144INTHERNET\Obj\snmpv3_mbedtls.o
#        C:\Users\hp\OneDrive\demo\stm32f4_dis\demo_NULEO144INTHERNET\EWARM\demo_NULEO144INTHERNET\Obj\sockets.o
#        C:\Users\hp\OneDrive\demo\stm32f4_dis\demo_NULEO144INTHERNET\EWARM\demo_NULEO144INTHERNET\Obj\startup_stm32f429xx.o
#        C:\Users\hp\OneDrive\demo\stm32f4_dis\demo_NULEO144INTHERNET\EWARM\demo_NULEO144INTHERNET\Obj\stats.o
#        C:\Users\hp\OneDrive\demo\stm32f4_dis\demo_NULEO144INTHERNET\EWARM\demo_NULEO144INTHERNET\Obj\stm32f4xx_hal.o
#        C:\Users\hp\OneDrive\demo\stm32f4_dis\demo_NULEO144INTHERNET\EWARM\demo_NULEO144INTHERNET\Obj\stm32f4xx_hal_cortex.o
#        C:\Users\hp\OneDrive\demo\stm32f4_dis\demo_NULEO144INTHERNET\EWARM\demo_NULEO144INTHERNET\Obj\stm32f4xx_hal_dma.o
#        C:\Users\hp\OneDrive\demo\stm32f4_dis\demo_NULEO144INTHERNET\EWARM\demo_NULEO144INTHERNET\Obj\stm32f4xx_hal_dma_ex.o
#        C:\Users\hp\OneDrive\demo\stm32f4_dis\demo_NULEO144INTHERNET\EWARM\demo_NULEO144INTHERNET\Obj\stm32f4xx_hal_eth.o
#        C:\Users\hp\OneDrive\demo\stm32f4_dis\demo_NULEO144INTHERNET\EWARM\demo_NULEO144INTHERNET\Obj\stm32f4xx_hal_flash.o
#        C:\Users\hp\OneDrive\demo\stm32f4_dis\demo_NULEO144INTHERNET\EWARM\demo_NULEO144INTHERNET\Obj\stm32f4xx_hal_flash_ex.o
#        C:\Users\hp\OneDrive\demo\stm32f4_dis\demo_NULEO144INTHERNET\EWARM\demo_NULEO144INTHERNET\Obj\stm32f4xx_hal_flash_ramfunc.o
#        C:\Users\hp\OneDrive\demo\stm32f4_dis\demo_NULEO144INTHERNET\EWARM\demo_NULEO144INTHERNET\Obj\stm32f4xx_hal_gpio.o
#        C:\Users\hp\OneDrive\demo\stm32f4_dis\demo_NULEO144INTHERNET\EWARM\demo_NULEO144INTHERNET\Obj\stm32f4xx_hal_msp.o
#        C:\Users\hp\OneDrive\demo\stm32f4_dis\demo_NULEO144INTHERNET\EWARM\demo_NULEO144INTHERNET\Obj\stm32f4xx_hal_pwr.o
#        C:\Users\hp\OneDrive\demo\stm32f4_dis\demo_NULEO144INTHERNET\EWARM\demo_NULEO144INTHERNET\Obj\stm32f4xx_hal_pwr_ex.o
#        C:\Users\hp\OneDrive\demo\stm32f4_dis\demo_NULEO144INTHERNET\EWARM\demo_NULEO144INTHERNET\Obj\stm32f4xx_hal_rcc.o
#        C:\Users\hp\OneDrive\demo\stm32f4_dis\demo_NULEO144INTHERNET\EWARM\demo_NULEO144INTHERNET\Obj\stm32f4xx_hal_rcc_ex.o
#        C:\Users\hp\OneDrive\demo\stm32f4_dis\demo_NULEO144INTHERNET\EWARM\demo_NULEO144INTHERNET\Obj\stm32f4xx_hal_tim.o
#        C:\Users\hp\OneDrive\demo\stm32f4_dis\demo_NULEO144INTHERNET\EWARM\demo_NULEO144INTHERNET\Obj\stm32f4xx_hal_tim_ex.o
#        C:\Users\hp\OneDrive\demo\stm32f4_dis\demo_NULEO144INTHERNET\EWARM\demo_NULEO144INTHERNET\Obj\stm32f4xx_it.o
#        C:\Users\hp\OneDrive\demo\stm32f4_dis\demo_NULEO144INTHERNET\EWARM\demo_NULEO144INTHERNET\Obj\sys.o
#        C:\Users\hp\OneDrive\demo\stm32f4_dis\demo_NULEO144INTHERNET\EWARM\demo_NULEO144INTHERNET\Obj\sys_arch.o
#        C:\Users\hp\OneDrive\demo\stm32f4_dis\demo_NULEO144INTHERNET\EWARM\demo_NULEO144INTHERNET\Obj\system_stm32f4xx.o
#        C:\Users\hp\OneDrive\demo\stm32f4_dis\demo_NULEO144INTHERNET\EWARM\demo_NULEO144INTHERNET\Obj\tasks.o
#        C:\Users\hp\OneDrive\demo\stm32f4_dis\demo_NULEO144INTHERNET\EWARM\demo_NULEO144INTHERNET\Obj\tcp.o
#        C:\Users\hp\OneDrive\demo\stm32f4_dis\demo_NULEO144INTHERNET\EWARM\demo_NULEO144INTHERNET\Obj\tcp_in.o
#        C:\Users\hp\OneDrive\demo\stm32f4_dis\demo_NULEO144INTHERNET\EWARM\demo_NULEO144INTHERNET\Obj\tcp_out.o
#        C:\Users\hp\OneDrive\demo\stm32f4_dis\demo_NULEO144INTHERNET\EWARM\demo_NULEO144INTHERNET\Obj\tcpip.o
#        C:\Users\hp\OneDrive\demo\stm32f4_dis\demo_NULEO144INTHERNET\EWARM\demo_NULEO144INTHERNET\Obj\tftp_server.o
#        C:\Users\hp\OneDrive\demo\stm32f4_dis\demo_NULEO144INTHERNET\EWARM\demo_NULEO144INTHERNET\Obj\timeouts.o
#        C:\Users\hp\OneDrive\demo\stm32f4_dis\demo_NULEO144INTHERNET\EWARM\demo_NULEO144INTHERNET\Obj\timers.o
#        C:\Users\hp\OneDrive\demo\stm32f4_dis\demo_NULEO144INTHERNET\EWARM\demo_NULEO144INTHERNET\Obj\udp.o
#        C:\Users\hp\OneDrive\demo\stm32f4_dis\demo_NULEO144INTHERNET\EWARM\demo_NULEO144INTHERNET\Obj\upap.o
#        C:\Users\hp\OneDrive\demo\stm32f4_dis\demo_NULEO144INTHERNET\EWARM\demo_NULEO144INTHERNET\Obj\utils.o
#        C:\Users\hp\OneDrive\demo\stm32f4_dis\demo_NULEO144INTHERNET\EWARM\demo_NULEO144INTHERNET\Obj\vj.o
#        --redirect _Printf=_PrintfFull --redirect _Scanf=_ScanfFull -o
#        C:\Users\hp\OneDrive\demo\stm32f4_dis\demo_NULEO144INTHERNET\EWARM\demo_NULEO144INTHERNET\Exe\demo_NULEO144INTHERNET.out
#        --map
#        C:\Users\hp\OneDrive\demo\stm32f4_dis\demo_NULEO144INTHERNET\EWARM\demo_NULEO144INTHERNET\List\demo_NULEO144INTHERNET.map
#        --config
#        C:\Users\hp\OneDrive\demo\stm32f4_dis\demo_NULEO144INTHERNET\EWARM/stm32f429xx_flash.icf
#        --semihosting --entry __iar_program_start --vfe --text_out locale)
#
###############################################################################

*******************************************************************************
*** RUNTIME MODEL ATTRIBUTES
***

CppFlavor       = *
__SystemLibrary = DLib
__dlib_version  = 6


*******************************************************************************
*** HEAP SELECTION
***

The basic heap was selected because no calls to memory allocation
functions were found in the application outside of system library
functions, and there are calls to deallocation functions in the
application.


*******************************************************************************
*** PLACEMENT SUMMARY
***

"A0":  place at 0x08000000 { ro section .intvec };
"P1":  place in [from 0x08000000 to 0x081fffff] { ro };
"P2":  place in [from 0x20000000 to 0x2002ffff] { rw, block CSTACK, block HEAP };
initialize by copy { rw };

  Section            Kind        Address    Size  Object
  -------            ----        -------    ----  ------
"A0":                                      0x1ac
  .intvec            ro code  0x08000000   0x1ac  startup_stm32f429xx.o [1]
                            - 0x080001ac   0x1ac

"P1":                                     0xeac0
  .text              ro code  0x080001ac  0x1c0c  nd6.o [1]
  .text              ro code  0x08001db8    0xa6  ABImemcpy.o [5]
  .text              ro code  0x08001e60   0x41a  netif.o [1]
  .text              ro code  0x0800227c   0x648  mld6.o [1]
  .text              ro code  0x080028c4   0x5d6  pbuf.o [1]
  .text              ro code  0x08002e9c   0x888  ip6.o [1]
  .text              ro code  0x08003724    0x26  def.o [1]
  .text              ro code  0x0800374c   0x14c  memp.o [1]
  .text              ro code  0x08003898   0xd6c  tcp.o [1]
  .text              ro code  0x08004604   0x7a0  udp.o [1]
  .text              ro code  0x08004da4   0x650  etharp.o [1]
  .text              ro code  0x080053f4   0x458  ethernetif.o [1]
  .text              ro code  0x0800584c    0xa8  rand.o [3]
  .text              ro code  0x080058f4   0x1a0  sys_arch.o [1]
  .text              ro code  0x08005a94   0x190  tcpip.o [1]
  .text              ro code  0x08005c24   0x324  mem.o [1]
  .text              ro code  0x08005f48   0x450  ip6_frag.o [1]
  .text              ro code  0x08006398  0x1468  tcp_in.o [1]
  .text              ro code  0x08007800   0x420  icmp6.o [1]
  .text              ro code  0x08007c20   0xbd4  tcp_out.o [1]
  .text              ro code  0x080087f4   0x2b8  timeouts.o [1]
  .text              ro code  0x08008aac     0x6  ABImemclr4.o [5]
  .text              ro code  0x08008ab4   0x48c  ip4.o [1]
  .text              ro code  0x08008f40    0x32  ip4_addr.o [1]
  .text              ro code  0x08008f74   0x36c  icmp.o [1]
  .text              ro code  0x080092e0     0x6  ABImemclr.o [5]
  .text              ro code  0x080092e8   0x17c  ethernet.o [1]
  .text              ro code  0x08009464  0x19ba  dhcp.o [1]
  .text              ro code  0x0800ae20   0x1f8  stm32f4xx_hal_gpio.o [1]
  .text              ro code  0x0800b018    0xd4  stm32f4xx_hal_cortex.o [1]
  .text              ro code  0x0800b0ec   0x2e4  cmsis_os.o [1]
  .text              ro code  0x0800b3d0   0xa94  stm32f4xx_hal_eth.o [1]
  .text              ro code  0x0800be64     0xc  stm32f4xx_hal.o [1]
  .text              ro code  0x0800be70    0x2a  init.o [1]
  .text              ro code  0x0800be9c   0x1d2  inet_chksum.o [1]
  .text              ro code  0x0800c070    0x3a  ABImemset48.o [5]
  .text              ro code  0x0800c0ac   0x61c  ip4_frag.o [1]
  .text              ro code  0x0800c6c8    0x5e  ABImemset.o [5]
  .text              ro code  0x0800c728    0x68  memcmp.o [5]
  .text              ro code  0x0800c790   0x918  tasks.o [1]
  .text              ro code  0x0800d0a8   0x724  queue.o [1]
  .text              ro code  0x0800d7cc   0x24c  port.o [1]
  .text              ro code  0x0800da18   0x1c8  stm32f4xx_hal_rcc.o [1]
  .text              ro code  0x0800dbe0    0x22  stm32f4xx_hal.o [1]
  .text              ro code  0x0800dc02     0x2  stm32f4xx_hal_eth.o [1]
  .text              ro code  0x0800dc04     0x2  stm32f4xx_hal_eth.o [1]
  .text              ro code  0x0800dc06     0x2  stats.o [1]
  .text              ro code  0x0800dc08   0x220  heap_4.o [1]
  .text              ro code  0x0800de28    0xb6  list.o [1]
  CODE               ro code  0x0800dee0    0xa8  portasm.o [1]
  .text              ro code  0x0800df88    0x2c  stm32f4xx_hal.o [1]
  .text              ro code  0x0800dfb4   0x314  stm32f4xx_hal_rcc.o [1]
  .text              ro code  0x0800e2c8   0x278  main.o [1]
  .text              ro code  0x0800e540    0x38  stm32f4xx_hal.o [1]
  .text              ro code  0x0800e578    0x78  stm32f4xx_hal_pwr_ex.o [1]
  .text              ro code  0x0800e5f0    0x84  lwip.o [1]
  .text              ro code  0x0800e674    0x64  stm32f4xx_hal_msp.o [1]
  .rodata            const    0x0800e6d8   0x100  memp.o [1]
  .text              ro code  0x0800e7d8    0xa4  ethip6.o [1]
  .text              ro code  0x0800e87c    0x5c  system_stm32f4xx.o [1]
  .text              ro code  0x0800e8d8    0x40  zero_init3.o [5]
  .text              ro code  0x0800e918    0x38  packbits_init_single.o [5]
  .rodata            const    0x0800e950    0x28  ip4_addr.o [1]
  .text              ro code  0x0800e978    0x28  data_init.o [5]
  .text              ro code  0x0800e9a0    0x22  fpinit_M.o [4]
  .iar.init_table    const    0x0800e9c4    0x20  - Linker created -
  .text              ro code  0x0800e9e4    0x1c  stm32f4xx_it.o [1]
  .text              ro code  0x0800ea00    0x10  stm32f4xx_hal.o [1]
  .text              ro code  0x0800ea10    0x1a  ip.o [1]
  .text              ro code  0x0800ea2c    0x1a  cmain.o [5]
  .text              ro code  0x0800ea46     0x4  low_level_init.o [3]
  .text              ro code  0x0800ea4a     0x4  exit.o [3]
  .text              ro code  0x0800ea50     0xa  cexit.o [5]
  .text              ro code  0x0800ea5c    0x14  exit.o [6]
  .rodata            const    0x0800ea70    0x14  ip6_addr.o [1]
  .text              ro code  0x0800ea84    0x10  startup_stm32f429xx.o [1]
  .rodata            const    0x0800ea94     0xc  main.o [1]
  .text              ro code  0x0800eaa0     0xc  cstartup_M.o [5]
  .rodata            const    0x0800eaac     0x8  ethernet.o [1]
  .rodata            const    0x0800eab4     0x8  ethernetif.o [1]
  .text              ro code  0x0800eabc     0x4  startup_stm32f429xx.o [1]
  .text              ro code  0x0800eac0     0x4  startup_stm32f429xx.o [1]
  .text              ro code  0x0800eac4     0x4  startup_stm32f429xx.o [1]
  .text              ro code  0x0800eac8     0x4  startup_stm32f429xx.o [1]
  .text              ro code  0x0800eacc     0x4  startup_stm32f429xx.o [1]
  .text              ro code  0x0800ead0     0x4  startup_stm32f429xx.o [1]
  .text              ro code  0x0800ead4     0x4  startup_stm32f429xx.o [1]
  .text              ro code  0x0800ead8     0x4  startup_stm32f429xx.o [1]
  .text              ro code  0x0800eadc     0x4  startup_stm32f429xx.o [1]
  .text              ro code  0x0800eae0     0x4  startup_stm32f429xx.o [1]
  .text              ro code  0x0800eae4     0x4  startup_stm32f429xx.o [1]
  .text              ro code  0x0800eae8     0x4  startup_stm32f429xx.o [1]
  .text              ro code  0x0800eaec     0x4  startup_stm32f429xx.o [1]
  .text              ro code  0x0800eaf0     0x4  startup_stm32f429xx.o [1]
  .text              ro code  0x0800eaf4     0x4  startup_stm32f429xx.o [1]
  .text              ro code  0x0800eaf8     0x4  startup_stm32f429xx.o [1]
  .text              ro code  0x0800eafc     0x4  startup_stm32f429xx.o [1]
  .text              ro code  0x0800eb00     0x4  startup_stm32f429xx.o [1]
  .text              ro code  0x0800eb04     0x4  startup_stm32f429xx.o [1]
  .text              ro code  0x0800eb08     0x4  startup_stm32f429xx.o [1]
  .text              ro code  0x0800eb0c     0x4  startup_stm32f429xx.o [1]
  .text              ro code  0x0800eb10     0x4  startup_stm32f429xx.o [1]
  .text              ro code  0x0800eb14     0x4  startup_stm32f429xx.o [1]
  .text              ro code  0x0800eb18     0x4  startup_stm32f429xx.o [1]
  .text              ro code  0x0800eb1c     0x4  startup_stm32f429xx.o [1]
  .text              ro code  0x0800eb20     0x4  startup_stm32f429xx.o [1]
  .text              ro code  0x0800eb24     0x4  startup_stm32f429xx.o [1]
  .text              ro code  0x0800eb28     0x4  startup_stm32f429xx.o [1]
  .text              ro code  0x0800eb2c     0x4  startup_stm32f429xx.o [1]
  .text              ro code  0x0800eb30     0x4  startup_stm32f429xx.o [1]
  .text              ro code  0x0800eb34     0x4  startup_stm32f429xx.o [1]
  .text              ro code  0x0800eb38     0x4  startup_stm32f429xx.o [1]
  .text              ro code  0x0800eb3c     0x4  startup_stm32f429xx.o [1]
  .text              ro code  0x0800eb40     0x4  startup_stm32f429xx.o [1]
  .text              ro code  0x0800eb44     0x4  startup_stm32f429xx.o [1]
  .text              ro code  0x0800eb48     0x4  startup_stm32f429xx.o [1]
  .text              ro code  0x0800eb4c     0x4  startup_stm32f429xx.o [1]
  .text              ro code  0x0800eb50     0x4  startup_stm32f429xx.o [1]
  .text              ro code  0x0800eb54     0x4  startup_stm32f429xx.o [1]
  .text              ro code  0x0800eb58     0x4  startup_stm32f429xx.o [1]
  .text              ro code  0x0800eb5c     0x4  startup_stm32f429xx.o [1]
  .text              ro code  0x0800eb60     0x4  startup_stm32f429xx.o [1]
  .text              ro code  0x0800eb64     0x4  startup_stm32f429xx.o [1]
  .text              ro code  0x0800eb68     0x4  startup_stm32f429xx.o [1]
  .text              ro code  0x0800eb6c     0x4  startup_stm32f429xx.o [1]
  .text              ro code  0x0800eb70     0x4  startup_stm32f429xx.o [1]
  .text              ro code  0x0800eb74     0x4  startup_stm32f429xx.o [1]
  .text              ro code  0x0800eb78     0x4  startup_stm32f429xx.o [1]
  .text              ro code  0x0800eb7c     0x4  startup_stm32f429xx.o [1]
  .text              ro code  0x0800eb80     0x4  startup_stm32f429xx.o [1]
  .text              ro code  0x0800eb84     0x4  startup_stm32f429xx.o [1]
  .text              ro code  0x0800eb88     0x4  startup_stm32f429xx.o [1]
  .text              ro code  0x0800eb8c     0x4  startup_stm32f429xx.o [1]
  .text              ro code  0x0800eb90     0x4  startup_stm32f429xx.o [1]
  .text              ro code  0x0800eb94     0x4  startup_stm32f429xx.o [1]
  .text              ro code  0x0800eb98     0x4  startup_stm32f429xx.o [1]
  .text              ro code  0x0800eb9c     0x4  startup_stm32f429xx.o [1]
  .text              ro code  0x0800eba0     0x4  startup_stm32f429xx.o [1]
  .text              ro code  0x0800eba4     0x4  startup_stm32f429xx.o [1]
  .text              ro code  0x0800eba8     0x4  startup_stm32f429xx.o [1]
  .text              ro code  0x0800ebac     0x4  startup_stm32f429xx.o [1]
  .text              ro code  0x0800ebb0     0x4  startup_stm32f429xx.o [1]
  .text              ro code  0x0800ebb4     0x4  startup_stm32f429xx.o [1]
  .text              ro code  0x0800ebb8     0x4  startup_stm32f429xx.o [1]
  .text              ro code  0x0800ebbc     0x4  startup_stm32f429xx.o [1]
  .text              ro code  0x0800ebc0     0x4  startup_stm32f429xx.o [1]
  .text              ro code  0x0800ebc4     0x4  startup_stm32f429xx.o [1]
  .text              ro code  0x0800ebc8     0x4  startup_stm32f429xx.o [1]
  .text              ro code  0x0800ebcc     0x4  startup_stm32f429xx.o [1]
  .text              ro code  0x0800ebd0     0x4  startup_stm32f429xx.o [1]
  .text              ro code  0x0800ebd4     0x4  startup_stm32f429xx.o [1]
  .text              ro code  0x0800ebd8     0x4  startup_stm32f429xx.o [1]
  .text              ro code  0x0800ebdc     0x4  startup_stm32f429xx.o [1]
  .text              ro code  0x0800ebe0     0x4  startup_stm32f429xx.o [1]
  .text              ro code  0x0800ebe4     0x4  startup_stm32f429xx.o [1]
  .text              ro code  0x0800ebe8     0x4  startup_stm32f429xx.o [1]
  .text              ro code  0x0800ebec     0x4  startup_stm32f429xx.o [1]
  .text              ro code  0x0800ebf0     0x4  startup_stm32f429xx.o [1]
  .text              ro code  0x0800ebf4     0x4  startup_stm32f429xx.o [1]
  .text              ro code  0x0800ebf8     0x4  startup_stm32f429xx.o [1]
  .text              ro code  0x0800ebfc     0x4  startup_stm32f429xx.o [1]
  .text              ro code  0x0800ec00     0x4  startup_stm32f429xx.o [1]
  .text              ro code  0x0800ec04     0x4  startup_stm32f429xx.o [1]
  .text              ro code  0x0800ec08     0x4  startup_stm32f429xx.o [1]
  .text              ro code  0x0800ec0c     0x4  startup_stm32f429xx.o [1]
  .text              ro code  0x0800ec10     0x4  startup_stm32f429xx.o [1]
  .text              ro code  0x0800ec14     0x4  startup_stm32f429xx.o [1]
  .text              ro code  0x0800ec18     0x4  startup_stm32f429xx.o [1]
  .text              ro code  0x0800ec1c     0x4  startup_stm32f429xx.o [1]
  .text              ro code  0x0800ec20     0x4  startup_stm32f429xx.o [1]
  .text              ro code  0x0800ec24     0x4  startup_stm32f429xx.o [1]
  .text              ro code  0x0800ec28     0x4  startup_stm32f429xx.o [1]
  .text              ro code  0x0800ec2c     0x4  startup_stm32f429xx.o [1]
  .text              ro code  0x0800ec30     0x4  startup_stm32f429xx.o [1]
  .text              ro code  0x0800ec34     0x4  startup_stm32f429xx.o [1]
  .rodata            const    0x0800ec38     0x0  zero_init3.o [5]
  .rodata            const    0x0800ec38     0x0  packbits_init_single.o [5]
  Initializer bytes  const    0x0800ec38    0x34  <for P2-1>
                            - 0x0800ec6c  0xeac0

"P2", part 1 of 3:                         0x458
  P2-1                        0x20000000   0x458  <Init block>
    .data            inited   0x20000000    0x10  dhcp.o [1]
    .data            inited   0x20000010   0x40c  nd6.o [1]
    .data            inited   0x2000041c     0xc  port.o [1]
    .data            inited   0x20000428     0x4  system_stm32f4xx.o [1]
    .data            inited   0x2000042c    0x1c  tcp.o [1]
    .data            inited   0x20000448     0x8  udp.o [1]
    .data            inited   0x20000450     0x8  rand.o [3]
                            - 0x20000458   0x458

"P2", part 2 of 3:                         0x400
  CSTACK                      0x20000458   0x400  <Block>
    CSTACK           uninit   0x20000458   0x400  <Block tail>
                            - 0x20000858   0x400

"P2", part 3 of 3:                        0xafd0
  .bss               zero     0x20000858  0x3c18  heap_4.o [1]
  .bss               zero     0x20004470  0x30ec  ethernetif.o [1]
  .bss               zero     0x2000755c  0x2604  memp.o [1]
  .bss               zero     0x20009b60   0x664  mem.o [1]
  .bss               zero     0x2000a1c4   0x39c  memp.o [1]
  .bss               zero     0x2000a560   0x244  stats.o [1]
  .bss               zero     0x2000a7a4   0x1e4  memp.o [1]
  .bss               zero     0x2000a988   0x16c  memp.o [1]
  .bss               zero     0x2000aaf4   0x12c  tasks.o [1]
  .bss               zero     0x2000ac20   0x104  memp.o [1]
  .bss               zero     0x2000ad24   0x104  memp.o [1]
  .bss               zero     0x2000ae28   0x104  memp.o [1]
  .bss               zero     0x2000af2c    0xf1  etharp.o [1]
  .bss               zero     0x2000b01e     0x2  ip4.o [1]
  .bss               zero     0x2000b020    0xf0  lwip.o [1]
  .bss               zero     0x2000b110    0xb4  memp.o [1]
  .bss               zero     0x2000b1c4    0xa4  memp.o [1]
  .bss               zero     0x2000b268    0xa4  memp.o [1]
  .bss               zero     0x2000b30c    0x84  memp.o [1]
  .bss               zero     0x2000b390    0x84  memp.o [1]
  .bss               zero     0x2000b414    0x84  memp.o [1]
  .bss               zero     0x2000b498    0x84  rand.o [3]
  .bss               zero     0x2000b51c    0x74  memp.o [1]
  .bss               zero     0x2000b590    0x68  memp.o [1]
  .bss               zero     0x2000b5f8    0x44  memp.o [1]
  .bss               zero     0x2000b63c    0x3c  ip.o [1]
  .bss               zero     0x2000b678    0x34  dhcp.o [1]
  .bss               zero     0x2000b6ac    0x34  tcp_in.o [1]
  .bss               zero     0x2000b6e0    0x10  tcpip.o [1]
  .bss               zero     0x2000b6f0     0xc  memp.o [1]
  .bss               zero     0x2000b6fc     0xc  memp.o [1]
  .bss               zero     0x2000b708     0xc  memp.o [1]
  .bss               zero     0x2000b714     0xc  memp.o [1]
  .bss               zero     0x2000b720     0xc  memp.o [1]
  .bss               zero     0x2000b72c     0xc  memp.o [1]
  .bss               zero     0x2000b738     0xc  memp.o [1]
  .bss               zero     0x2000b744     0xc  memp.o [1]
  .bss               zero     0x2000b750     0xc  memp.o [1]
  .bss               zero     0x2000b75c     0xc  memp.o [1]
  .bss               zero     0x2000b768     0xc  memp.o [1]
  .bss               zero     0x2000b774     0xc  memp.o [1]
  .bss               zero     0x2000b780     0xc  memp.o [1]
  .bss               zero     0x2000b78c     0xc  memp.o [1]
  .bss               zero     0x2000b798     0xc  memp.o [1]
  .bss               zero     0x2000b7a4     0xc  memp.o [1]
  .bss               zero     0x2000b7b0     0xc  netif.o [1]
  .bss               zero     0x2000b7bc     0xc  timeouts.o [1]
  .bss               zero     0x2000b7c8     0x8  ip4_frag.o [1]
  .bss               zero     0x2000b7d0     0x8  ip6_frag.o [1]
  .bss               zero     0x2000b7d8     0x4  main.o [1]
  .bss               zero     0x2000b7dc     0x4  memp.o [1]
  .bss               zero     0x2000b7e0     0x4  memp.o [1]
  .bss               zero     0x2000b7e4     0x4  memp.o [1]
  .bss               zero     0x2000b7e8     0x4  memp.o [1]
  .bss               zero     0x2000b7ec     0x4  memp.o [1]
  .bss               zero     0x2000b7f0     0x4  memp.o [1]
  .bss               zero     0x2000b7f4     0x4  memp.o [1]
  .bss               zero     0x2000b7f8     0x4  memp.o [1]
  .bss               zero     0x2000b7fc     0x4  memp.o [1]
  .bss               zero     0x2000b800     0x4  memp.o [1]
  .bss               zero     0x2000b804     0x4  memp.o [1]
  .bss               zero     0x2000b808     0x4  memp.o [1]
  .bss               zero     0x2000b80c     0x4  memp.o [1]
  .bss               zero     0x2000b810     0x4  memp.o [1]
  .bss               zero     0x2000b814     0x4  memp.o [1]
  .bss               zero     0x2000b818     0x4  memp.o [1]
  .bss               zero     0x2000b81c     0x4  stm32f4xx_hal.o [1]
  .bss               zero     0x2000b820     0x4  sys_arch.o [1]
  .bss               zero     0x2000b824     0x1  pbuf.o [1]
  .bss               zero     0x2000b825     0x1  tcp.o [1]
                            - 0x2000b826  0xafce


*******************************************************************************
*** INIT TABLE
***

          Address     Size
          -------     ----
Zero (__iar_zero_init3)
    1 destination range, total size 0xafce:
          0x20000858  0xafce

Copy/packbits (__iar_packbits_init_single3)
    1 source range, total size 0x34 (4% of destination):
          0x0800ec38    0x34
    1 destination range, total size 0x458:
          0x20000000   0x458



*******************************************************************************
*** MODULE SUMMARY
***

    Module                  ro code  ro data  rw data
    ------                  -------  -------  -------
C:\Users\hp\OneDrive\demo\stm32f4_dis\demo_NULEO144INTHERNET\EWARM\demo_NULEO144INTHERNET\Obj: [1]
    cmsis_os.o                  740
    def.o                        38
    dhcp.o                    6 586                68
    etharp.o                  1 616               241
    ethernet.o                  380        8
    ethernetif.o              1 112        8   12 524
    ethip6.o                    164
    heap_4.o                    544            15 384
    icmp.o                      876
    icmp6.o                   1 056
    inet_chksum.o               466
    init.o                       42
    ip.o                         26                60
    ip4.o                     1 164                 2
    ip4_addr.o                   50       40
    ip4_frag.o                1 564                 8
    ip6.o                     2 184
    ip6_addr.o                            20
    ip6_frag.o                1 104                 8
    list.o                      182
    lwip.o                      132               240
    main.o                      632       12        4
    mem.o                       804             1 636
    memp.o                      332      256   13 732
    mld6.o                    1 608
    nd6.o                     7 180       49    1 036
    netif.o                   1 050                12
    pbuf.o                    1 494                 1
    port.o                      588                12
    portasm.o                   168
    queue.o                   1 828
    startup_stm32f429xx.o       824
    stats.o                       2               580
    stm32f4xx_hal.o             162                 4
    stm32f4xx_hal_cortex.o      212
    stm32f4xx_hal_eth.o       2 712
    stm32f4xx_hal_gpio.o        504
    stm32f4xx_hal_msp.o         100
    stm32f4xx_hal_pwr_ex.o      120
    stm32f4xx_hal_rcc.o       1 244
    stm32f4xx_it.o               28
    sys_arch.o                  416                 4
    system_stm32f4xx.o           92                 4
    tasks.o                   2 328               300
    tcp.o                     3 436        2       29
    tcp_in.o                  5 224                52
    tcp_out.o                 3 028
    tcpip.o                     400                16
    timeouts.o                  696                12
    udp.o                     1 952                 8
    -------------------------------------------------
    Total:                   59 190      395   45 977

command line: [2]
    -------------------------------------------------
    Total:

dl7M_tlf.a: [3]
    exit.o                        4
    low_level_init.o              4
    rand.o                      168        1      140
    -------------------------------------------------
    Total:                      176        1      140

m7M_tls.a: [4]
    fpinit_M.o                   34
    -------------------------------------------------
    Total:                       34

rt7M_tl.a: [5]
    ABImemclr.o                   6
    ABImemclr4.o                  6
    ABImemcpy.o                 166
    ABImemset.o                  94
    ABImemset48.o                58
    cexit.o                      10
    cmain.o                      26
    cstartup_M.o                 12
    data_init.o                  40
    memcmp.o                    104
    packbits_init_single.o       56
    zero_init3.o                 64
    -------------------------------------------------
    Total:                      642

shb_l.a: [6]
    exit.o                       20
    -------------------------------------------------
    Total:                       20

    Gaps                         32        2        1
    Linker created                        32    1 024
-----------------------------------------------------
    Grand Total:             60 094      430   47 142


*******************************************************************************
*** ENTRY LIST
***

Entry                      Address    Size  Type      Object
-----                      -------    ----  ----      ------
.iar.init_table$$Base   0x0800e9c4           --   Gb  - Linker created -
.iar.init_table$$Limit  0x0800e9e4           --   Gb  - Linker created -
?main                   0x0800ea2d          Code  Gb  cmain.o [5]
AHBPrescTable           0x0800e8c8    0x10  Data  Gb  system_stm32f4xx.o [1]
CSTACK$$Base            0x20000458           --   Gb  - Linker created -
CSTACK$$Limit           0x20000858           --   Gb  - Linker created -
DMARxDscrTab            0x200044bc    0x80  Data  Gb  ethernetif.o [1]
DMATxDscrTab            0x2000453c    0x80  Data  Gb  ethernetif.o [1]
ETH_FlushTransmitFIFO   0x0800bdd9    0x44  Code  Lc  stm32f4xx_hal_eth.o [1]
ETH_IRQHandler          0x0800e9f7     0x6  Code  Gb  stm32f4xx_it.o [1]
ETH_MACDMAConfig        0x0800bcdd    0xfc  Code  Lc  stm32f4xx_hal_eth.o [1]
HAL_Delay               0x0800dbe1    0x22  Code  Wk  stm32f4xx_hal.o [1]
HAL_ETH_DMARxDescListInit
                        0x0800b86d    0xc6  Code  Gb  stm32f4xx_hal_eth.o [1]
HAL_ETH_DMATxDescListInit
                        0x0800b7a1    0xcc  Code  Gb  stm32f4xx_hal_eth.o [1]
HAL_ETH_GetReceivedFrame_IT
                        0x0800ba35    0x8e  Code  Gb  stm32f4xx_hal_eth.o [1]
HAL_ETH_IRQHandler      0x0800bac3    0x6c  Code  Gb  stm32f4xx_hal_eth.o [1]
HAL_ETH_Init            0x0800b3d1   0x3ce  Code  Gb  stm32f4xx_hal_eth.o [1]
HAL_ETH_MspInit         0x080053f5    0xe4  Code  Gb  ethernetif.o [1]
HAL_ETH_ReadPHYRegister
                        0x0800bb2f    0x7e  Code  Gb  stm32f4xx_hal_eth.o [1]
HAL_ETH_RxCpltCallback  0x080054d9     0x8  Code  Gb  ethernetif.o [1]
HAL_ETH_Start           0x0800bc21    0xbc  Code  Gb  stm32f4xx_hal_eth.o [1]
HAL_ETH_TransmitFrame   0x0800b933   0x102  Code  Gb  stm32f4xx_hal_eth.o [1]
HAL_ETH_WritePHYRegister
                        0x0800bbad    0x74  Code  Gb  stm32f4xx_hal_eth.o [1]
HAL_GPIO_Init           0x0800ae21   0x1ba  Code  Gb  stm32f4xx_hal_gpio.o [1]
HAL_GPIO_WritePin       0x0800afdb     0x8  Code  Gb  stm32f4xx_hal_gpio.o [1]
HAL_GetTick             0x0800be65     0xc  Code  Wk  stm32f4xx_hal.o [1]
HAL_IncTick             0x0800ea01    0x10  Code  Wk  stm32f4xx_hal.o [1]
HAL_Init                0x0800e541    0x34  Code  Gb  stm32f4xx_hal.o [1]
HAL_InitTick            0x0800df89    0x2c  Code  Wk  stm32f4xx_hal.o [1]
HAL_MspInit             0x0800e675    0x64  Code  Gb  stm32f4xx_hal_msp.o [1]
HAL_NVIC_EnableIRQ      0x0800b085    0x12  Code  Gb  stm32f4xx_hal_cortex.o [1]
HAL_NVIC_SetPriority    0x0800b033    0x52  Code  Gb  stm32f4xx_hal_cortex.o [1]
HAL_NVIC_SetPriorityGrouping
                        0x0800b019    0x1a  Code  Gb  stm32f4xx_hal_cortex.o [1]
HAL_PWREx_EnableOverDrive
                        0x0800e579    0x6a  Code  Gb  stm32f4xx_hal_pwr_ex.o [1]
HAL_RCC_ClockConfig     0x0800da19   0x162  Code  Gb  stm32f4xx_hal_rcc.o [1]
HAL_RCC_GetHCLKFreq     0x0800db7b     0x6  Code  Gb  stm32f4xx_hal_rcc.o [1]
HAL_RCC_OscConfig       0x0800dfb5   0x314  Code  Wk  stm32f4xx_hal_rcc.o [1]
HAL_SYSTICK_CLKSourceConfig
                        0x0800b0b9    0x1a  Code  Gb  stm32f4xx_hal_cortex.o [1]
HAL_SYSTICK_Config      0x0800b097    0x22  Code  Gb  stm32f4xx_hal_cortex.o [1]
MX_GPIO_Init            0x0800e3a9   0x146  Code  Lc  main.o [1]
MX_LWIP_Init            0x0800e5f1    0x84  Code  Gb  lwip.o [1]
PendSV_Handler          0x0800dee1          Code  Gb  portasm.o [1]
Region$$Table$$Base     0x0800e9c4           --   Gb  - Linker created -
Region$$Table$$Limit    0x0800e9e4           --   Gb  - Linker created -
Rx_Buff                 0x200045bc  0x17d0  Data  Gb  ethernetif.o [1]
SVC_Handler             0x0800df39          Code  Gb  portasm.o [1]
StartDefaultTask        0x0800e51d    0x10  Code  Gb  main.o [1]
SysTick_Handler         0x0800e9e5    0x12  Code  Gb  stm32f4xx_it.o [1]
SystemClock_Config      0x0800e2f7    0xb2  Code  Gb  main.o [1]
SystemCoreClock         0x20000428     0x4  Data  Gb  system_stm32f4xx.o [1]
SystemInit              0x0800e87d    0x3c  Code  Gb  system_stm32f4xx.o [1]
Tx_Buff                 0x20005d8c  0x17d0  Data  Gb  ethernetif.o [1]
_Rand_idx               0x2000b518     0x4  Data  Lc  rand.o [3]
_Rand_rv                0x2000b498    0x80  Data  Lc  rand.o [3]
_Randinit               0x20000450     0x1  Data  Gb  rand.o [3]
_Randseed               0x20000454     0x4  Data  Gb  rand.o [3]
__aeabi_memclr          0x080092e1          Code  Gb  ABImemclr.o [5]
__aeabi_memclr4         0x08008aad          Code  Gb  ABImemclr4.o [5]
__aeabi_memcpy          0x08001db9          Code  Gb  ABImemcpy.o [5]
__aeabi_memcpy4         0x08001dd9          Code  Gb  ABImemcpy.o [5]
__aeabi_memcpy8         0x08001dd9          Code  Gb  ABImemcpy.o [5]
__aeabi_memset4         0x0800c071          Code  Gb  ABImemset48.o [5]
__aeabi_memset8         0x0800c071          Code  Gb  ABImemset48.o [5]
__cmain                 0x0800ea2d          Code  Gb  cmain.o [5]
__exit                  0x0800ea5d    0x14  Code  Gb  exit.o [6]
__iar_Memset4_word      0x0800c079          Code  Gb  ABImemset48.o [5]
__iar_Memset8_word      0x0800c079          Code  Gb  ABImemset48.o [5]
__iar_Memset_word       0x0800c6c9          Code  Gb  ABImemset.o [5]
__iar_data_init3        0x0800e979    0x28  Code  Gb  data_init.o [5]
__iar_init_vfp          0x0800e9a1          Code  Gb  fpinit_M.o [4]
__iar_packbits_init_single3
                        0x0800e919    0x38  Code  Gb  packbits_init_single.o [5]
__iar_program_start     0x0800eaa1          Code  Gb  cstartup_M.o [5]
__iar_systems$$module {Abs}
                        0x00000001          Data  Gb  command line/config [2]
__iar_zero_init3        0x0800e8d9    0x40  Code  Gb  zero_init3.o [5]
__low_level_init        0x0800ea47     0x4  Code  Gb  low_level_init.o [3]
__vector_table          0x08000000          Data  Gb  startup_stm32f429xx.o [1]
_call_main              0x0800ea39          Code  Gb  cmain.o [5]
_exit                   0x0800ea51          Code  Gb  cexit.o [5]
_main                   0x0800ea43          Code  Gb  cmain.o [5]
ackno                   0x2000b6d4     0x4  Data  Lc  tcp_in.o [1]
arp_table               0x2000af2c    0xf0  Data  Lc  etharp.o [1]
cyclic_timer            0x080088bb    0x14  Code  Lc  timeouts.o [1]
defaultTaskHandle       0x2000b7d8     0x4  Data  Gb  main.o [1]
default_router_list     0x200003bc    0x24  Data  Gb  nd6.o [1]
destination_cache       0x2000022c   0x190  Data  Gb  nd6.o [1]
dhcp_arp_reply          0x08009a01   0x1fc  Code  Gb  dhcp.o [1]
dhcp_bind               0x08009ea1    0xe8  Code  Lc  dhcp.o [1]
dhcp_check              0x080094bb    0x30  Code  Lc  dhcp.o [1]
dhcp_coarse_tmr         0x080097e5    0xb2  Code  Gb  dhcp.o [1]
dhcp_create_msg::xid    0x2000000c     0x4  Data  Lc  dhcp.o [1]
dhcp_discover           0x08009c01   0x298  Code  Lc  dhcp.o [1]
dhcp_discover_request_options
                        0x20000000     0x4  Data  Lc  dhcp.o [1]
dhcp_fine_tmr           0x08009899    0x84  Code  Gb  dhcp.o [1]
dhcp_handle_ack         0x0800991d    0x6a  Code  Lc  dhcp.o [1]
dhcp_inc_pcb_refcount   0x08009465    0x56  Code  Lc  dhcp.o [1]
dhcp_option_long        0x0800aa0d    0x44  Code  Lc  dhcp.o [1]
dhcp_option_trailer     0x0800adcd    0x34  Code  Lc  dhcp.o [1]
dhcp_parse_reply        0x0800aa51   0x22e  Code  Lc  dhcp.o [1]
dhcp_pcb                0x20000008     0x4  Data  Lc  dhcp.o [1]
dhcp_pcb_refcount       0x20000004     0x1  Data  Lc  dhcp.o [1]
dhcp_rebind             0x0800a22d   0x290  Code  Lc  dhcp.o [1]
dhcp_reboot             0x0800a4bd   0x2ba  Code  Lc  dhcp.o [1]
dhcp_recv               0x0800ac85   0x12c  Code  Lc  dhcp.o [1]
dhcp_release            0x0800a77d   0x24c  Code  Gb  dhcp.o [1]
dhcp_renew              0x08009f95   0x290  Code  Gb  dhcp.o [1]
dhcp_rx_options_given   0x2000b6a0     0xc  Data  Gb  dhcp.o [1]
dhcp_rx_options_val     0x2000b678    0x28  Data  Gb  dhcp.o [1]
dhcp_select             0x080094ed   0x2f8  Code  Lc  dhcp.o [1]
dhcp_start              0x08009987    0x76  Code  Gb  dhcp.o [1]
dhcp_stop               0x0800a9c9    0x3e  Code  Gb  dhcp.o [1]
dhcp_supplied_address   0x0800ae01    0x1e  Code  Gb  dhcp.o [1]
etharp_cached_entry     0x2000b01c     0x1  Data  Lc  etharp.o [1]
etharp_cleanup_netif    0x08004f81    0x3c  Code  Gb  etharp.o [1]
etharp_find_entry       0x08004e13    0xea  Code  Lc  etharp.o [1]
etharp_input            0x08004fbd   0x102  Code  Gb  etharp.o [1]
etharp_output           0x08005125    0xf8  Code  Gb  etharp.o [1]
etharp_output_to_arp_index
                        0x080050bf    0x62  Code  Lc  etharp.o [1]
etharp_query            0x0800521d   0x122  Code  Gb  etharp.o [1]
etharp_request          0x080053e1     0x4  Code  Gb  etharp.o [1]
etharp_request_dst      0x0800533f    0xa2  Code  Lc  etharp.o [1]
etharp_tmr              0x08004da5    0x6e  Code  Gb  etharp.o [1]
etharp_update_arp_entry
                        0x08004efd    0x84  Code  Lc  etharp.o [1]
ethbroadcast            0x0800945c     0x8  Data  Gb  ethernet.o [1]
ethernet_input          0x080092e9   0x116  Code  Gb  ethernet.o [1]
ethernet_output         0x080093ff    0x5a  Code  Gb  ethernet.o [1]
ethernetif_init         0x080057db    0x2c  Code  Gb  ethernetif.o [1]
ethernetif_input        0x080057a5    0x36  Code  Gb  ethernetif.o [1]
ethip6_output           0x0800e7d9    0xa4  Code  Gb  ethip6.o [1]
ethzero                 0x0800eaac     0x8  Data  Gb  ethernet.o [1]
exit                    0x0800ea4b     0x4  Code  Gb  exit.o [3]
flags                   0x2000b6bc     0x1  Data  Lc  tcp_in.o [1]
gnetif                  0x2000b020    0xe4  Data  Gb  lwip.o [1]
gw                      0x2000b10c     0x4  Data  Gb  lwip.o [1]
heth                    0x20004470    0x48  Data  Gb  ethernetif.o [1]
icmp6_dest_unreach      0x0800796f    0xd8  Code  Gb  icmp6.o [1]
icmp6_input             0x08007801   0x16e  Code  Gb  icmp6.o [1]
icmp6_param_problem     0x08007b2b     0x2  Code  Gb  icmp6.o [1]
icmp6_send_response     0x08007b2d    0xea  Code  Lc  icmp6.o [1]
icmp6_time_exceeded     0x08007a47    0xe4  Code  Gb  icmp6.o [1]
icmp_dest_unreach       0x080091a9    0x98  Code  Gb  icmp.o [1]
icmp_input              0x08008f75   0x234  Code  Gb  icmp.o [1]
icmp_time_exceeded      0x08009241    0x98  Code  Gb  icmp.o [1]
inet_chksum             0x0800c05f    0x10  Code  Gb  inet_chksum.o [1]
inet_chksum_pseudo      0x0800bfad    0x2a  Code  Gb  inet_chksum.o [1]
inet_cksum_pseudo_base  0x0800bf33    0x7a  Code  Lc  inet_chksum.o [1]
inseg                   0x2000b6ac    0x10  Data  Lc  tcp_in.o [1]
ip4_addr_isbroadcast_u32
                        0x08008f41    0x32  Code  Gb  ip4_addr.o [1]
ip4_frag                0x0800c509   0x1b4  Code  Gb  ip4_frag.o [1]
ip4_input               0x08008b29   0x2d0  Code  Gb  ip4.o [1]
ip4_output_if           0x08008df9    0x28  Code  Gb  ip4.o [1]
ip4_output_if_src       0x08008e21   0x106  Code  Gb  ip4.o [1]
ip4_reass               0x0800c2d9   0x216  Code  Gb  ip4_frag.o [1]
ip4_route               0x08008ab5    0x74  Code  Gb  ip4.o [1]
ip6_addr_any            0x0800ea70    0x14  Data  Gb  ip6_addr.o [1]
ip6_chksum_pseudo       0x0800bfd7    0x66  Code  Gb  inet_chksum.o [1]
ip6_input               0x08003229   0x372  Code  Gb  ip6.o [1]
ip6_options_add_hbh_ra  0x080036c7    0x40  Code  Gb  ip6.o [1]
ip6_output_if           0x0800359b    0x82  Code  Gb  ip6.o [1]
ip6_output_if_src       0x0800361d    0xaa  Code  Gb  ip6.o [1]
ip6_reass               0x08006059   0x334  Code  Gb  ip6_frag.o [1]
ip6_reass_free_complete_datagram
                        0x08005f6f    0xa8  Code  Lc  ip6_frag.o [1]
ip6_reass_pbufcount     0x2000b7d0     0x2  Data  Lc  ip6_frag.o [1]
ip6_reass_remove_oldest_datagram
                        0x08006017    0x40  Code  Lc  ip6_frag.o [1]
ip6_reass_tmr           0x08005f49    0x26  Code  Gb  ip6_frag.o [1]
ip6_route               0x08002e9d   0x1c8  Code  Gb  ip6.o [1]
ip6_select_source_address
                        0x08003065   0x1c4  Code  Gb  ip6.o [1]
ip_addr_any             0x0800e950    0x14  Data  Gb  ip4_addr.o [1]
ip_addr_broadcast       0x0800e964    0x14  Data  Gb  ip4_addr.o [1]
ip_chksum_pseudo        0x0800c03d    0x22  Code  Gb  inet_chksum.o [1]
ip_data                 0x2000b63c    0x3c  Data  Gb  ip.o [1]
ip_id                   0x2000b01e     0x2  Data  Lc  ip4.o [1]
ip_input                0x0800ea11    0x1a  Code  Gb  ip.o [1]
ip_reass_chain_frag_into_datagram_and_validate
                        0x0800c1e7    0xf2  Code  Lc  ip4_frag.o [1]
ip_reass_dequeue_datagram
                        0x0800c1c7    0x20  Code  Lc  ip4_frag.o [1]
ip_reass_free_complete_datagram
                        0x0800c0dd    0x7c  Code  Lc  ip4_frag.o [1]
ip_reass_pbufcount      0x2000b7c8     0x2  Data  Lc  ip4_frag.o [1]
ip_reass_remove_oldest_datagram
                        0x0800c159    0x6e  Code  Lc  ip4_frag.o [1]
ip_reass_tmr            0x0800c0ad    0x30  Code  Gb  ip4_frag.o [1]
ipaddr                  0x2000b104     0x4  Data  Gb  lwip.o [1]
ipfrag_free_pbuf_custom
                        0x0800c4ef    0x18  Code  Lc  ip4_frag.o [1]
lfree                   0x20009b68     0x4  Data  Lc  mem.o [1]
lock_tcpip_core         0x2000b6ec     0x4  Data  Gb  tcpip.o [1]
low_level_init          0x080054e1   0x11a  Code  Lc  ethernetif.o [1]
low_level_input         0x080056a1   0x104  Code  Lc  ethernetif.o [1]
low_level_output        0x080055fb    0xa2  Code  Lc  ethernetif.o [1]
lwip_cyclic_timers      0x08008a6c    0x40  Data  Gb  timeouts.o [1]
lwip_htonl              0x08003731    0x1a  Code  Gb  def.o [1]
lwip_htons              0x08003725     0xc  Code  Gb  def.o [1]
lwip_init               0x0800be71    0x2a  Code  Gb  init.o [1]
lwip_standard_chksum    0x0800be9d    0x96  Code  Gb  inet_chksum.o [1]
lwip_stats              0x2000a560   0x244  Data  Gb  stats.o [1]
lwip_sys_mutex          0x2000b820     0x4  Data  Gb  sys_arch.o [1]
main                    0x0800e2c9    0x2e  Code  Gb  main.o [1]
mbox                    0x2000b6e8     0x4  Data  Lc  tcpip.o [1]
mem_free                0x08005c63    0xc6  Code  Gb  mem.o [1]
mem_init                0x08005c25    0x3e  Code  Gb  mem.o [1]
mem_malloc              0x08005e0d   0x132  Code  Gb  mem.o [1]
mem_mutex               0x2000a1c0     0x4  Data  Lc  mem.o [1]
mem_trim                0x08005d29    0xe4  Code  Gb  mem.o [1]
memcmp                  0x0800c729          Code  Gb  memcmp.o [5]
memp_FRAG_PBUF          0x0800e728    0x10  Data  Gb  memp.o [1]
memp_IP6_REASSDATA      0x0800e798    0x10  Data  Gb  memp.o [1]
memp_MLD6_GROUP         0x0800e7a8    0x10  Data  Gb  memp.o [1]
memp_ND6_QUEUE          0x0800e788    0x10  Data  Gb  memp.o [1]
memp_NETBUF             0x0800e738    0x10  Data  Gb  memp.o [1]
memp_NETCONN            0x0800e748    0x10  Data  Gb  memp.o [1]
memp_PBUF               0x0800e7b8    0x10  Data  Gb  memp.o [1]
memp_PBUF_POOL          0x0800e7c8    0x10  Data  Gb  memp.o [1]
memp_REASSDATA          0x0800e718    0x10  Data  Gb  memp.o [1]
memp_SYS_TIMEOUT        0x0800e778    0x10  Data  Gb  memp.o [1]
memp_TCPIP_MSG_API      0x0800e758    0x10  Data  Gb  memp.o [1]
memp_TCPIP_MSG_INPKT    0x0800e768    0x10  Data  Gb  memp.o [1]
memp_TCP_PCB            0x0800e6e8    0x10  Data  Gb  memp.o [1]
memp_TCP_PCB_LISTEN     0x0800e6f8    0x10  Data  Gb  memp.o [1]
memp_TCP_SEG            0x0800e708    0x10  Data  Gb  memp.o [1]
memp_UDP_PCB            0x0800e6d8    0x10  Data  Gb  memp.o [1]
memp_free               0x0800381f    0x36  Code  Gb  memp.o [1]
memp_init               0x0800374d    0x86  Code  Gb  memp.o [1]
memp_malloc             0x080037d9    0x46  Code  Gb  memp.o [1]
memp_memory_FRAG_PBUF_base
                        0x2000a988   0x16c  Data  Gb  memp.o [1]
memp_memory_IP6_REASSDATA_base
                        0x2000b590    0x68  Data  Gb  memp.o [1]
memp_memory_MLD6_GROUP_base
                        0x2000b51c    0x74  Data  Gb  memp.o [1]
memp_memory_ND6_QUEUE_base
                        0x2000b268    0xa4  Data  Gb  memp.o [1]
memp_memory_NETBUF_base
                        0x2000b5f8    0x44  Data  Gb  memp.o [1]
memp_memory_NETCONN_base
                        0x2000b110    0xb4  Data  Gb  memp.o [1]
memp_memory_PBUF_POOL_base
                        0x2000755c  0x2604  Data  Gb  memp.o [1]
memp_memory_PBUF_base   0x2000ae28   0x104  Data  Gb  memp.o [1]
memp_memory_REASSDATA_base
                        0x2000b1c4    0xa4  Data  Gb  memp.o [1]
memp_memory_SYS_TIMEOUT_base
                        0x2000b414    0x84  Data  Gb  memp.o [1]
memp_memory_TCPIP_MSG_API_base
                        0x2000b30c    0x84  Data  Gb  memp.o [1]
memp_memory_TCPIP_MSG_INPKT_base
                        0x2000b390    0x84  Data  Gb  memp.o [1]
memp_memory_TCP_PCB_LISTEN_base
                        0x2000a7a4   0x1e4  Data  Gb  memp.o [1]
memp_memory_TCP_PCB_base
                        0x2000a1c4   0x39c  Data  Gb  memp.o [1]
memp_memory_TCP_SEG_base
                        0x2000ad24   0x104  Data  Gb  memp.o [1]
memp_memory_UDP_PCB_base
                        0x2000ac20   0x104  Data  Gb  memp.o [1]
memp_pools              0x08003858    0x40  Data  Gb  memp.o [1]
memp_stats_FRAG_PBUF    0x2000b72c     0xc  Data  Lc  memp.o [1]
memp_stats_IP6_REASSDATA
                        0x2000b780     0xc  Data  Lc  memp.o [1]
memp_stats_MLD6_GROUP   0x2000b78c     0xc  Data  Lc  memp.o [1]
memp_stats_ND6_QUEUE    0x2000b774     0xc  Data  Lc  memp.o [1]
memp_stats_NETBUF       0x2000b738     0xc  Data  Lc  memp.o [1]
memp_stats_NETCONN      0x2000b744     0xc  Data  Lc  memp.o [1]
memp_stats_PBUF         0x2000b798     0xc  Data  Lc  memp.o [1]
memp_stats_PBUF_POOL    0x2000b7a4     0xc  Data  Lc  memp.o [1]
memp_stats_REASSDATA    0x2000b720     0xc  Data  Lc  memp.o [1]
memp_stats_SYS_TIMEOUT  0x2000b768     0xc  Data  Lc  memp.o [1]
memp_stats_TCPIP_MSG_API
                        0x2000b750     0xc  Data  Lc  memp.o [1]
memp_stats_TCPIP_MSG_INPKT
                        0x2000b75c     0xc  Data  Lc  memp.o [1]
memp_stats_TCP_PCB      0x2000b6fc     0xc  Data  Lc  memp.o [1]
memp_stats_TCP_PCB_LISTEN
                        0x2000b708     0xc  Data  Lc  memp.o [1]
memp_stats_TCP_SEG      0x2000b714     0xc  Data  Lc  memp.o [1]
memp_stats_UDP_PCB      0x2000b6f0     0xc  Data  Lc  memp.o [1]
memp_tab_FRAG_PBUF      0x2000b7f0     0x4  Data  Lc  memp.o [1]
memp_tab_IP6_REASSDATA  0x2000b80c     0x4  Data  Lc  memp.o [1]
memp_tab_MLD6_GROUP     0x2000b810     0x4  Data  Lc  memp.o [1]
memp_tab_ND6_QUEUE      0x2000b808     0x4  Data  Lc  memp.o [1]
memp_tab_NETBUF         0x2000b7f4     0x4  Data  Lc  memp.o [1]
memp_tab_NETCONN        0x2000b7f8     0x4  Data  Lc  memp.o [1]
memp_tab_PBUF           0x2000b814     0x4  Data  Lc  memp.o [1]
memp_tab_PBUF_POOL      0x2000b818     0x4  Data  Lc  memp.o [1]
memp_tab_REASSDATA      0x2000b7ec     0x4  Data  Lc  memp.o [1]
memp_tab_SYS_TIMEOUT    0x2000b804     0x4  Data  Lc  memp.o [1]
memp_tab_TCPIP_MSG_API  0x2000b7fc     0x4  Data  Lc  memp.o [1]
memp_tab_TCPIP_MSG_INPKT
                        0x2000b800     0x4  Data  Lc  memp.o [1]
memp_tab_TCP_PCB        0x2000b7e0     0x4  Data  Lc  memp.o [1]
memp_tab_TCP_PCB_LISTEN
                        0x2000b7e4     0x4  Data  Lc  memp.o [1]
memp_tab_TCP_SEG        0x2000b7e8     0x4  Data  Lc  memp.o [1]
memp_tab_UDP_PCB        0x2000b7dc     0x4  Data  Lc  memp.o [1]
mld6_delayed_report     0x08002881    0x44  Code  Lc  mld6.o [1]
mld6_input              0x080022ef   0x174  Code  Gb  mld6.o [1]
mld6_joingroup_netif    0x08002463   0x188  Code  Gb  mld6.o [1]
mld6_leavegroup_netif   0x080025eb   0x168  Code  Gb  mld6.o [1]
mld6_lookfor_group      0x080022c3    0x2c  Code  Gb  mld6.o [1]
mld6_report_groups      0x0800227d    0x46  Code  Gb  mld6.o [1]
mld6_tmr                0x08002755   0x114  Code  Gb  mld6.o [1]
multicast_address       0x200003e0    0x10  Data  Lc  nd6.o [1]
nd6_cached_destination_index
                        0x200003f1     0x1  Data  Lc  nd6.o [1]
nd6_cached_neighbor_index
                        0x200003f0     0x1  Data  Lc  nd6.o [1]
nd6_cleanup_netif       0x08001d05    0xb0  Code  Gb  nd6.o [1]
nd6_find_destination_cache_entry
                        0x080014a5    0x48  Code  Lc  nd6.o [1]
nd6_find_neighbor_cache_entry
                        0x08001295    0x48  Code  Lc  nd6.o [1]
nd6_free_neighbor_cache_entry
                        0x08001447    0x5e  Code  Lc  nd6.o [1]
nd6_free_q              0x08001b25    0x22  Code  Lc  nd6.o [1]
nd6_get_destination_mtu
                        0x08001bb5    0x66  Code  Gb  nd6.o [1]
nd6_get_next_hop_entry  0x080016dd   0x308  Code  Gb  nd6.o [1]
nd6_input               0x080001ad   0xb2e  Code  Gb  nd6.o [1]
nd6_new_neighbor_cache_entry
                        0x080012dd   0x16a  Code  Lc  nd6.o [1]
nd6_new_router          0x0800161b    0xc2  Code  Lc  nd6.o [1]
nd6_queue_packet        0x080019e9   0x13c  Code  Gb  nd6.o [1]
nd6_ra_buffer           0x200003fc    0x20  Data  Lc  nd6.o [1]
nd6_reachability_hint   0x08001c25    0xdc  Code  Gb  nd6.o [1]
nd6_select_router       0x080014ed   0x12e  Code  Gb  nd6.o [1]
nd6_select_router::last_router
                        0x200003f2     0x1  Data  Lc  nd6.o [1]
nd6_send_ns             0x080010a7   0x106  Code  Lc  nd6.o [1]
nd6_send_q              0x08001b47    0x68  Code  Lc  nd6.o [1]
nd6_send_rs             0x080011ad    0xe8  Code  Lc  nd6.o [1]
nd6_tmr                 0x08000ce9   0x3be  Code  Gb  nd6.o [1]
neighbor_cache          0x2000009c   0x190  Data  Gb  nd6.o [1]
netif_add               0x08001e63    0xf4  Code  Gb  netif.o [1]
netif_create_ip6_linklocal_address
                        0x080021d1    0xa4  Code  Gb  netif.o [1]
netif_default           0x2000b7b8     0x4  Data  Gb  netif.o [1]
netif_get_ip6_addr_match
                        0x08002189    0x46  Code  Gb  netif.o [1]
netif_init              0x08001e61     0x2  Code  Gb  netif.o [1]
netif_ip6_addr_set_parts
                        0x080020a5    0x8e  Code  Gb  netif.o [1]
netif_ip6_addr_set_state
                        0x08002133    0x56  Code  Gb  netif.o [1]
netif_list              0x2000b7b4     0x4  Data  Gb  netif.o [1]
netif_null_output_ip6   0x08002275     0x6  Code  Lc  netif.o [1]
netif_num               0x2000b7b0     0x1  Data  Lc  netif.o [1]
netif_set_addr          0x08001f57    0x5a  Code  Gb  netif.o [1]
netif_set_default       0x08002007     0x6  Code  Gb  netif.o [1]
netif_set_down          0x08002057    0x3e  Code  Gb  netif.o [1]
netif_set_ipaddr        0x08001fb1    0x56  Code  Gb  netif.o [1]
netif_set_up            0x0800200d    0x4a  Code  Gb  netif.o [1]
netmask                 0x2000b108     0x4  Data  Gb  lwip.o [1]
next_timeout            0x2000b7bc     0x4  Data  Lc  timeouts.o [1]
osDelay                 0x0800b13b    0x12  Code  Gb  cmsis_os.o [1]
osKernelStart           0x0800b0ed     0xe  Code  Gb  cmsis_os.o [1]
osKernelSysTick         0x0800b0fb    0x10  Code  Gb  cmsis_os.o [1]
osMessageCreate         0x0800b2c9     0xa  Code  Gb  cmsis_os.o [1]
osMessageGet            0x0800b31f    0x92  Code  Gb  cmsis_os.o [1]
osMessagePut            0x0800b2d3    0x4c  Code  Gb  cmsis_os.o [1]
osMutexCreate           0x0800b14d     0x6  Code  Gb  cmsis_os.o [1]
osMutexRelease          0x0800b1b1    0x4a  Code  Gb  cmsis_os.o [1]
osMutexWait             0x0800b153    0x5e  Code  Gb  cmsis_os.o [1]
osSemaphoreCreate       0x0800b1fb    0x26  Code  Gb  cmsis_os.o [1]
osSemaphoreRelease      0x0800b27f    0x4a  Code  Gb  cmsis_os.o [1]
osSemaphoreWait         0x0800b221    0x5e  Code  Gb  cmsis_os.o [1]
osSystickHandler        0x0800b3b1    0x1a  Code  Gb  cmsis_os.o [1]
osThreadCreate          0x0800b10b    0x30  Code  Gb  cmsis_os.o [1]
os_mutex_def_lwip_sys_mutex
                        0x08005a90     0x4  Data  Gb  sys_arch.o [1]
pbuf_alloc              0x08002959   0x132  Code  Gb  pbuf.o [1]
pbuf_alloced_custom     0x08002a8d    0x4e  Code  Gb  pbuf.o [1]
pbuf_cat                0x08002ccd    0x58  Code  Gb  pbuf.o [1]
pbuf_chain              0x08002d25    0x6c  Code  Gb  pbuf.o [1]
pbuf_clen               0x08002c8d    0x26  Code  Gb  pbuf.o [1]
pbuf_copy               0x08002d91    0xa0  Code  Gb  pbuf.o [1]
pbuf_copy_partial       0x08002e31    0x6a  Code  Gb  pbuf.o [1]
pbuf_free               0x08002c31    0x5c  Code  Gb  pbuf.o [1]
pbuf_free_ooseq_callback
                        0x080028c5    0x50  Code  Lc  pbuf.o [1]
pbuf_free_ooseq_pending
                        0x2000b824     0x1  Data  Gb  pbuf.o [1]
pbuf_header             0x08002b4d    0x70  Code  Gb  pbuf.o [1]
pbuf_header_force       0x08002bbd    0x74  Code  Gb  pbuf.o [1]
pbuf_pool_is_empty      0x08002915    0x38  Code  Lc  pbuf.o [1]
pbuf_realloc            0x08002adb    0x72  Code  Gb  pbuf.o [1]
pbuf_ref                0x08002cb3    0x1a  Code  Gb  pbuf.o [1]
prefix_list             0x20000010    0x8c  Data  Gb  nd6.o [1]
prvAddNewTaskToReadyList
                        0x0800c863   0x10c  Code  Lc  tasks.o [1]
prvCopyDataFromQueue    0x0800d73b    0x2c  Code  Lc  queue.o [1]
prvCopyDataToQueue      0x0800d6bf    0x7c  Code  Lc  queue.o [1]
prvIdleTask             0x0800cead    0x78  Code  Lc  tasks.o [1]
prvInsertBlockIntoFreeList
                        0x0800ddbb    0x66  Code  Lc  heap_4.o [1]
prvTaskExitError        0x0800d7f5    0x28  Code  Lc  port.o [1]
prvUnlockQueue          0x0800d767    0x60  Code  Lc  queue.o [1]
pvPortMalloc            0x0800dc09   0x14c  Code  Gb  heap_4.o [1]
pvTaskIncrementMutexHeldCount
                        0x0800d087    0x1a  Code  Gb  tasks.o [1]
pxCurrentTCB            0x2000aba8     0x4  Data  Gb  tasks.o [1]
pxDelayedTaskList       0x2000abac     0x4  Data  Lc  tasks.o [1]
pxEnd                   0x20000860     0x4  Data  Lc  heap_4.o [1]
pxOverflowDelayedTaskList
                        0x2000abb0     0x4  Data  Lc  tasks.o [1]
pxPortInitialiseStack   0x0800d7cd    0x28  Code  Gb  port.o [1]
pxReadyTasksLists       0x2000ab1c    0x8c  Data  Lc  tasks.o [1]
ram                     0x20009b60     0x4  Data  Lc  mem.o [1]
ram_end                 0x20009b64     0x4  Data  Lc  mem.o [1]
ram_heap                0x20009b6c   0x654  Data  Gb  mem.o [1]
rand                    0x0800584d    0x96  Code  Gb  rand.o [3]
reachable_time          0x200003f4     0x4  Data  Gb  nd6.o [1]
reassdatagrams          0x2000b7cc     0x4  Data  Lc  ip4_frag.o [1]
reassdatagrams          0x2000b7d4     0x4  Data  Lc  ip6_frag.o [1]
recv_acked              0x2000b6c2     0x2  Data  Lc  tcp_in.o [1]
recv_data               0x2000b6d8     0x4  Data  Lc  tcp_in.o [1]
recv_flags              0x2000b6bd     0x1  Data  Lc  tcp_in.o [1]
retrans_timer           0x200003f8     0x4  Data  Gb  nd6.o [1]
s_xSemaphore            0x200044b8     0x4  Data  Gb  ethernetif.o [1]
seqno                   0x2000b6d0     0x4  Data  Lc  tcp_in.o [1]
stats_init              0x0800dc07     0x2  Code  Gb  stats.o [1]
sys_arch_mbox_fetch     0x08005979    0x44  Code  Gb  sys_arch.o [1]
sys_arch_protect        0x08005a5d    0x16  Code  Gb  sys_arch.o [1]
sys_arch_unprotect      0x08005a73     0x8  Code  Gb  sys_arch.o [1]
sys_init                0x080059c5    0x14  Code  Gb  sys_arch.o [1]
sys_mbox_new            0x080058f5    0x46  Code  Gb  sys_arch.o [1]
sys_mbox_post           0x0800593b    0x1c  Code  Gb  sys_arch.o [1]
sys_mbox_trypost        0x08005957    0x22  Code  Gb  sys_arch.o [1]
sys_mbox_valid          0x080059bd     0x8  Code  Gb  sys_arch.o [1]
sys_mutex_lock          0x08005a23     0xa  Code  Gb  sys_arch.o [1]
sys_mutex_new           0x080059d9    0x4a  Code  Gb  sys_arch.o [1]
sys_mutex_unlock        0x08005a2d     0x6  Code  Gb  sys_arch.o [1]
sys_now                 0x08005831     0x4  Code  Gb  ethernetif.o [1]
sys_thread_new          0x08005a33    0x2a  Code  Gb  sys_arch.o [1]
sys_timeout             0x08008945    0x80  Code  Gb  timeouts.o [1]
sys_timeouts_init       0x080088cf    0x76  Code  Gb  timeouts.o [1]
sys_timeouts_mbox_fetch
                        0x080089c5    0x90  Code  Gb  timeouts.o [1]
tcp_abandon             0x08003ae3   0x12a  Code  Gb  tcp.o [1]
tcp_abort               0x08003c0d     0x4  Code  Gb  tcp.o [1]
tcp_active_pcbs         0x2000043c     0x4  Data  Gb  tcp.o [1]
tcp_active_pcbs_changed
                        0x2000042c     0x1  Data  Gb  tcp.o [1]
tcp_alloc               0x08004201   0x152  Code  Gb  tcp.o [1]
tcp_backoff             0x080045ec    0x10  Data  Lc  tcp.o [1]
tcp_bound_pcbs          0x20000434     0x4  Data  Gb  tcp.o [1]
tcp_close_shutdown      0x080038c1   0x222  Code  Lc  tcp.o [1]
tcp_create_segment      0x08007d19    0xaa  Code  Lc  tcp_out.o [1]
tcp_eff_send_mss_impl   0x0800445f    0x58  Code  Gb  tcp.o [1]
tcp_enqueue_flags       0x08007dc3    0xee  Code  Gb  tcp_out.o [1]
tcp_fasttmr             0x08004005    0x62  Code  Gb  tcp.o [1]
tcp_init                0x08003899     0x2  Code  Gb  tcp.o [1]
tcp_input               0x08006399   0x58c  Code  Gb  tcp_in.o [1]
tcp_input_pcb           0x2000b6dc     0x4  Data  Gb  tcp_in.o [1]
tcp_keepalive           0x08008567   0x102  Code  Gb  tcp_out.o [1]
tcp_kill_state          0x080041bd    0x3e  Code  Lc  tcp.o [1]
tcp_listen_input        0x08006925   0x160  Code  Lc  tcp_in.o [1]
tcp_listen_pcbs         0x20000438     0x4  Data  Gb  tcp.o [1]
tcp_netif_ip_addr_changed
                        0x08004507    0xc8  Code  Gb  tcp.o [1]
tcp_netif_ip_addr_changed_pcblist
                        0x080044b7    0x50  Code  Lc  tcp.o [1]
tcp_next_iss::iss       0x20000444     0x4  Data  Lc  tcp.o [1]
tcp_oos_insert_segment  0x08006ee3    0x6c  Code  Lc  tcp_in.o [1]
tcp_output              0x08007fcd   0x290  Code  Gb  tcp_out.o [1]
tcp_output_segment      0x0800825d   0x11e  Code  Lc  tcp_out.o [1]
tcp_parseopt            0x08007709    0xe0  Code  Lc  tcp_in.o [1]
tcp_pcb_lists           0x08003ca0    0x10  Data  Gb  tcp.o [1]
tcp_pcb_purge           0x08004355    0x94  Code  Gb  tcp.o [1]
tcp_pcb_remove          0x080043e9    0x76  Code  Gb  tcp.o [1]
tcp_persist_backoff     0x080045fc     0x8  Data  Lc  tcp.o [1]
tcp_process             0x08006a85   0x45e  Code  Lc  tcp_in.o [1]
tcp_process_refused_data
                        0x08004071    0xa8  Code  Gb  tcp.o [1]
tcp_receive             0x08006f6d   0x796  Code  Lc  tcp_in.o [1]
tcp_recv_null           0x0800417f    0x3a  Code  Gb  tcp.o [1]
tcp_recved              0x08003c51    0x50  Code  Gb  tcp.o [1]
tcp_rexmit              0x080084a5    0x62  Code  Gb  tcp_out.o [1]
tcp_rexmit_fast         0x0800850d    0x5a  Code  Gb  tcp_out.o [1]
tcp_rexmit_rto          0x08008459    0x4c  Code  Gb  tcp_out.o [1]
tcp_rst                 0x0800837b    0xde  Code  Gb  tcp_out.o [1]
tcp_seg_copy            0x08004157    0x28  Code  Gb  tcp.o [1]
tcp_seg_free            0x0800413b    0x1c  Code  Gb  tcp.o [1]
tcp_segs_free           0x08004119    0x22  Code  Gb  tcp.o [1]
tcp_send_empty_ack      0x08007eb1   0x11c  Code  Gb  tcp_out.o [1]
tcp_send_fin            0x08007c21    0xf8  Code  Gb  tcp_out.o [1]
tcp_slowtmr             0x08003cb9   0x346  Code  Gb  tcp.o [1]
tcp_ticks               0x20000430     0x4  Data  Gb  tcp.o [1]
tcp_timer               0x2000b825     0x1  Data  Lc  tcp.o [1]
tcp_timer_ctr           0x2000042d     0x1  Data  Lc  tcp.o [1]
tcp_timer_needed        0x08008823    0x98  Code  Gb  timeouts.o [1]
tcp_tmr                 0x0800389b    0x24  Code  Gb  tcp.o [1]
tcp_trigger_input_pcb_close
                        0x080077e9     0xc  Code  Gb  tcp_in.o [1]
tcp_tw_pcbs             0x20000440     0x4  Data  Gb  tcp.o [1]
tcp_update_rcv_ann_wnd  0x08003c13    0x3e  Code  Gb  tcp.o [1]
tcp_zero_window_probe   0x08008669   0x17e  Code  Gb  tcp_out.o [1]
tcphdr                  0x2000b6c8     0x4  Data  Lc  tcp_in.o [1]
tcphdr_opt1len          0x2000b6c0     0x2  Data  Lc  tcp_in.o [1]
tcphdr_opt2             0x2000b6cc     0x4  Data  Lc  tcp_in.o [1]
tcphdr_optlen           0x2000b6be     0x2  Data  Lc  tcp_in.o [1]
tcpip_callback_with_block
                        0x08005b6d    0x5c  Code  Gb  tcpip.o [1]
tcpip_init              0x08005bc9    0x3c  Code  Gb  tcpip.o [1]
tcpip_init_done         0x2000b6e0     0x4  Data  Lc  tcpip.o [1]
tcpip_init_done_arg     0x2000b6e4     0x4  Data  Lc  tcpip.o [1]
tcpip_input             0x08005b05    0x68  Code  Gb  tcpip.o [1]
tcpip_tcp_timer         0x080087f5    0x2e  Code  Lc  timeouts.o [1]
tcpip_tcp_timer_active  0x2000b7c4     0x4  Data  Lc  timeouts.o [1]
tcpip_thread            0x08005a95    0x70  Code  Lc  tcpip.o [1]
tcplen                  0x2000b6c4     0x2  Data  Lc  tcp_in.o [1]
timeouts_last_time      0x2000b7c0     0x4  Data  Lc  timeouts.o [1]
ucHeap                  0x20000870  0x3c00  Data  Lc  heap_4.o [1]
ucMaxSysCallPriority    0x2000041c     0x1  Data  Lc  port.o [1]
udp_bind                0x08004a91   0x146  Code  Gb  udp.o [1]
udp_connect             0x08004bd7    0xb0  Code  Gb  udp.o [1]
udp_init                0x08004605     0x2  Code  Gb  udp.o [1]
udp_input               0x080046b1   0x224  Code  Gb  udp.o [1]
udp_input_local_match   0x08004607    0xaa  Code  Lc  udp.o [1]
udp_netif_ip_addr_changed
                        0x08004cd1    0xc2  Code  Gb  udp.o [1]
udp_new                 0x08004cb5    0x1c  Code  Gb  udp.o [1]
udp_pcbs                0x2000044c     0x4  Data  Gb  udp.o [1]
udp_port                0x20000448     0x2  Data  Lc  udp.o [1]
udp_recv                0x08004c87     0x6  Code  Gb  udp.o [1]
udp_remove              0x08004c8d    0x28  Code  Gb  udp.o [1]
udp_sendto_if           0x080048d5    0x9a  Code  Gb  udp.o [1]
udp_sendto_if_src       0x0800496f   0x122  Code  Gb  udp.o [1]
ulMaxPRIGROUPValue      0x20000424     0x4  Data  Lc  port.o [1]
uwTick                  0x2000b81c     0x4  Data  Gb  stm32f4xx_hal.o [1]
uxCriticalNesting       0x20000420     0x4  Data  Lc  port.o [1]
uxCurrentNumberOfTasks  0x2000abcc     0x4  Data  Lc  tasks.o [1]
uxDeletedTasksWaitingCleanUp
                        0x2000abb4     0x4  Data  Lc  tasks.o [1]
uxListRemove            0x0800debb    0x24  Code  Gb  list.o [1]
uxPendedTicks           0x2000abdc     0x4  Data  Lc  tasks.o [1]
uxSchedulerSuspended    0x2000abf0     0x4  Data  Lc  tasks.o [1]
uxTaskNumber            0x2000abe8     0x4  Data  Lc  tasks.o [1]
uxTopReadyPriority      0x2000abd4     0x4  Data  Lc  tasks.o [1]
vListInitialise         0x0800de29    0x1a  Code  Gb  list.o [1]
vListInitialiseItem     0x0800de43     0x6  Code  Gb  list.o [1]
vListInsert             0x0800de61    0x5a  Code  Gb  list.o [1]
vListInsertEnd          0x0800de49    0x18  Code  Gb  list.o [1]
vPortEnableVFP          0x0800df6d          Code  Gb  portasm.o [1]
vPortEnterCritical      0x0800d913    0x32  Code  Gb  port.o [1]
vPortExitCritical       0x0800d945    0x22  Code  Gb  port.o [1]
vPortFree               0x0800dd55    0x66  Code  Gb  heap_4.o [1]
vPortStartFirstTask     0x0800df55          Code  Gb  portasm.o [1]
vPortValidateInterruptPriority
                        0x0800d991    0x44  Code  Gb  port.o [1]
vTaskDelay              0x0800c96f    0x9a  Code  Gb  tasks.o [1]
vTaskMissedYield        0x0800ce9b     0xc  Code  Gb  tasks.o [1]
vTaskPlaceOnEventList   0x0800ccf9    0x98  Code  Gb  tasks.o [1]
vTaskPriorityInherit    0x0800cf41    0xa0  Code  Gb  tasks.o [1]
vTaskSetTimeOutState    0x0800ce09    0x24  Code  Gb  tasks.o [1]
vTaskStartScheduler     0x0800ca09    0x6a  Code  Gb  tasks.o [1]
vTaskSuspendAll         0x0800ca7d    0x10  Code  Gb  tasks.o [1]
vTaskSwitchContext      0x0800cca1    0x58  Code  Gb  tasks.o [1]
xBlockAllocatedBit      0x2000086c     0x4  Data  Lc  heap_4.o [1]
xDelayedTaskList1       0x2000abf4    0x14  Data  Lc  tasks.o [1]
xDelayedTaskList2       0x2000ac08    0x14  Data  Lc  tasks.o [1]
xFreeBytesRemaining     0x20000864     0x4  Data  Lc  heap_4.o [1]
xIdleTaskHandle         0x2000ac1c     0x4  Data  Lc  tasks.o [1]
xMinimumEverFreeBytesRemaining
                        0x20000868     0x4  Data  Lc  heap_4.o [1]
xNextTaskUnblockTime    0x2000abec     0x4  Data  Lc  tasks.o [1]
xNumOfOverflows         0x2000abe4     0x4  Data  Lc  tasks.o [1]
xPendingReadyList       0x2000aaf4    0x14  Data  Lc  tasks.o [1]
xPortStartScheduler     0x0800d81d    0xf6  Code  Gb  port.o [1]
xPortSysTickHandler     0x0800d967    0x2a  Code  Gb  port.o [1]
xQueueCreateMutex       0x0800d139    0x7e  Code  Gb  queue.o [1]
xQueueGenericCreate     0x0800d0a9    0x90  Code  Gb  queue.o [1]
xQueueGenericReceive    0x0800d491   0x186  Code  Gb  queue.o [1]
xQueueGenericSend       0x0800d1b7   0x16a  Code  Gb  queue.o [1]
xQueueGenericSendFromISR
                        0x0800d321    0xca  Code  Gb  queue.o [1]
xQueueGiveFromISR       0x0800d3eb    0xa6  Code  Gb  queue.o [1]
xQueueReceiveFromISR    0x0800d617    0xa8  Code  Gb  queue.o [1]
xSchedulerRunning       0x2000abd8     0x4  Data  Lc  tasks.o [1]
xStart                  0x20000858     0x8  Data  Lc  heap_4.o [1]
xSuspendedTaskList      0x2000abb8    0x14  Data  Lc  tasks.o [1]
xTaskCheckForTimeOut    0x0800ce2d    0x6e  Code  Gb  tasks.o [1]
xTaskCreate             0x0800c791    0xd2  Code  Gb  tasks.o [1]
xTaskGetSchedulerState  0x0800cf25    0x1c  Code  Gb  tasks.o [1]
xTaskGetTickCount       0x0800cb73     0xa  Code  Gb  tasks.o [1]
xTaskGetTickCountFromISR
                        0x0800cb7d    0x14  Code  Gb  tasks.o [1]
xTaskIncrementTick      0x0800cb91   0x110  Code  Gb  tasks.o [1]
xTaskPriorityDisinherit
                        0x0800cfe1    0xa6  Code  Gb  tasks.o [1]
xTaskRemoveFromEventList
                        0x0800cd91    0x72  Code  Gb  tasks.o [1]
xTaskResumeAll          0x0800ca8d    0xe6  Code  Gb  tasks.o [1]
xTasksWaitingTermination
                        0x2000ab08    0x14  Data  Lc  tasks.o [1]
xTickCount              0x2000abd0     0x4  Data  Lc  tasks.o [1]
xYieldPending           0x2000abe0     0x4  Data  Lc  tasks.o [1]


[1] = C:\Users\hp\OneDrive\demo\stm32f4_dis\demo_NULEO144INTHERNET\EWARM\demo_NULEO144INTHERNET\Obj
[2] = command line
[3] = dl7M_tlf.a
[4] = m7M_tls.a
[5] = rt7M_tl.a
[6] = shb_l.a

  60 094 bytes of readonly  code memory
     430 bytes of readonly  data memory
  47 142 bytes of readwrite data memory

Errors: none
Warnings: none
